Component: ARM Compiler 5.06 update 6 (build 750) Tool: armlink [4d35ed]

==============================================================================

Section Cross References

    startup_stm32f103xb.o(RESET) refers to startup_stm32f103xb.o(STACK) for __initial_sp
    startup_stm32f103xb.o(RESET) refers to startup_stm32f103xb.o(.text) for Reset_Handler
    startup_stm32f103xb.o(RESET) refers to stm32f1xx_it.o(i.NMI_Handler) for NMI_Handler
    startup_stm32f103xb.o(RESET) refers to stm32f1xx_it.o(i.HardFault_Handler) for HardFault_Handler
    startup_stm32f103xb.o(RESET) refers to stm32f1xx_it.o(i.MemManage_Handler) for MemManage_Handler
    startup_stm32f103xb.o(RESET) refers to stm32f1xx_it.o(i.BusFault_Handler) for BusFault_Handler
    startup_stm32f103xb.o(RESET) refers to stm32f1xx_it.o(i.UsageFault_Handler) for UsageFault_Handler
    startup_stm32f103xb.o(RESET) refers to stm32f1xx_it.o(i.SVC_Handler) for SVC_Handler
    startup_stm32f103xb.o(RESET) refers to stm32f1xx_it.o(i.DebugMon_Handler) for DebugMon_Handler
    startup_stm32f103xb.o(RESET) refers to stm32f1xx_it.o(i.PendSV_Handler) for PendSV_Handler
    startup_stm32f103xb.o(RESET) refers to stm32f1xx_it.o(i.SysTick_Handler) for SysTick_Handler
    startup_stm32f103xb.o(.text) refers to system_stm32f1xx.o(i.SystemInit) for SystemInit
    startup_stm32f103xb.o(.text) refers to entry.o(.ARM.Collect$$$$00000000) for __main
    main.o(i.Get_And_Show_Rd) refers to cdcmple.o(.text) for __aeabi_cdcmple
    main.o(i.Get_And_Show_Rd) refers to ddiv.o(.text) for __aeabi_ddiv
    main.o(i.Get_And_Show_Rd) refers to printfa.o(i.__0sprintf) for __2sprintf
    main.o(i.Get_And_Show_Rd) refers to oled.o(i.Oled_Display_String) for Oled_Display_String
    main.o(i.Get_And_Show_Rd) refers to main.o(.bss) for .bss
    main.o(i.Get_R) refers to cdcmple.o(.text) for __aeabi_cdcmpeq
    main.o(i.Get_R) refers to dadd.o(.text) for __aeabi_drsub
    main.o(i.Get_R) refers to dmul.o(.text) for __aeabi_dmul
    main.o(i.Get_R) refers to ddiv.o(.text) for __aeabi_ddiv
    main.o(i.MX_ADC1_Init) refers to stm32f1xx_hal_adc.o(i.HAL_ADC_Init) for HAL_ADC_Init
    main.o(i.MX_ADC1_Init) refers to stm32f1xx_hal_adc.o(i.HAL_ADC_ConfigChannel) for HAL_ADC_ConfigChannel
    main.o(i.MX_ADC1_Init) refers to main.o(.bss) for .bss
    main.o(i.MX_GPIO_Init) refers to stm32f1xx_hal_gpio.o(i.HAL_GPIO_WritePin) for HAL_GPIO_WritePin
    main.o(i.MX_GPIO_Init) refers to stm32f1xx_hal_gpio.o(i.HAL_GPIO_Init) for HAL_GPIO_Init
    main.o(i.MX_TIM1_Init) refers to memseta.o(.text) for __aeabi_memclr4
    main.o(i.MX_TIM1_Init) refers to stm32f1xx_hal_tim.o(i.HAL_TIM_PWM_Init) for HAL_TIM_PWM_Init
    main.o(i.MX_TIM1_Init) refers to stm32f1xx_hal_tim_ex.o(i.HAL_TIMEx_MasterConfigSynchronization) for HAL_TIMEx_MasterConfigSynchronization
    main.o(i.MX_TIM1_Init) refers to stm32f1xx_hal_tim.o(i.HAL_TIM_PWM_ConfigChannel) for HAL_TIM_PWM_ConfigChannel
    main.o(i.MX_TIM1_Init) refers to stm32f1xx_hal_tim_ex.o(i.HAL_TIMEx_ConfigBreakDeadTime) for HAL_TIMEx_ConfigBreakDeadTime
    main.o(i.MX_TIM1_Init) refers to stm32f1xx_hal_msp.o(i.HAL_TIM_MspPostInit) for HAL_TIM_MspPostInit
    main.o(i.MX_TIM1_Init) refers to main.o(.bss) for .bss
    main.o(i.OLED_Show_Mode) refers to oled.o(i.Oled_Display_String) for Oled_Display_String
    main.o(i.OLED_Show_Scale) refers to oled.o(i.Oled_Display_String) for Oled_Display_String
    main.o(i.Shift_gears) refers to stm32f1xx_hal_gpio.o(i.HAL_GPIO_WritePin) for HAL_GPIO_WritePin
    main.o(i.SystemClock_Config) refers to memseta.o(.text) for __aeabi_memclr4
    main.o(i.SystemClock_Config) refers to stm32f1xx_hal_rcc.o(i.HAL_RCC_OscConfig) for HAL_RCC_OscConfig
    main.o(i.SystemClock_Config) refers to stm32f1xx_hal_rcc.o(i.HAL_RCC_ClockConfig) for HAL_RCC_ClockConfig
    main.o(i.SystemClock_Config) refers to stm32f1xx_hal_rcc_ex.o(i.HAL_RCCEx_PeriphCLKConfig) for HAL_RCCEx_PeriphCLKConfig
    main.o(i.Task) refers to main.o(i.OLED_Show_Mode) for OLED_Show_Mode
    main.o(i.Task) refers to bsp_key.o(i.KEY_Scan) for KEY_Scan
    main.o(i.Task) refers to oled.o(i.Oled_Display_String) for Oled_Display_String
    main.o(i.Task) refers to main.o(i.Set_num) for Set_num
    main.o(i.Task) refers to oled.o(i.Oled_Display_Num_with_Index) for Oled_Display_Num_with_Index
    main.o(i.Task) refers to dflti.o(.text) for __aeabi_i2d
    main.o(i.Task) refers to dfltui.o(.text) for __aeabi_ui2d
    main.o(i.Task) refers to main.o(i.Get_R) for Get_R
    main.o(i.Task) refers to main.o(i.Get_And_Show_Rd) for Get_And_Show_Rd
    main.o(i.Task) refers to cdcmple.o(.text) for __aeabi_cdcmpeq
    main.o(i.Task) refers to dadd.o(.text) for __aeabi_dsub
    main.o(i.Task) refers to cdrcmple.o(.text) for __aeabi_cdrcmple
    main.o(i.Task) refers to main.o(i.Shift_gears) for Shift_gears
    main.o(i.Task) refers to main.o(i.OLED_Show_Scale) for OLED_Show_Scale
    main.o(i.Task) refers to main.o(.data) for .data
[...]
    Removing stm32f1xx_hal_flash.o(.bss), (32 bytes).
    Removing stm32f1xx_hal_flash_ex.o(.rev16_text), (4 bytes).
    Removing stm32f1xx_hal_flash_ex.o(.revsh_text), (4 bytes).
    Removing stm32f1xx_hal_flash_ex.o(.rrx_text), (6 bytes).
    Removing stm32f1xx_hal_flash_ex.o(i.FLASH_MassErase), (36 bytes).
    Removing stm32f1xx_hal_flash_ex.o(i.FLASH_OB_DisableWRP), (176 bytes).
    Removing stm32f1xx_hal_flash_ex.o(i.FLASH_OB_EnableWRP), (176 bytes).
    Removing stm32f1xx_hal_flash_ex.o(i.FLASH_OB_GetRDP), (24 bytes).
    Removing stm32f1xx_hal_flash_ex.o(i.FLASH_OB_RDP_LevelConfig), (100 bytes).
    Removing stm32f1xx_hal_flash_ex.o(i.FLASH_PageErase), (36 bytes).
    Removing stm32f1xx_hal_flash_ex.o(i.HAL_FLASHEx_Erase), (168 bytes).
    Removing stm32f1xx_hal_flash_ex.o(i.HAL_FLASHEx_Erase_IT), (84 bytes).
    Removing stm32f1xx_hal_flash_ex.o(i.HAL_FLASHEx_OBErase), (84 bytes).
    Removing stm32f1xx_hal_flash_ex.o(i.HAL_FLASHEx_OBGetConfig), (36 bytes).
    Removing stm32f1xx_hal_flash_ex.o(i.HAL_FLASHEx_OBGetUserData), (32 bytes).
    Removing stm32f1xx_hal_flash_ex.o(i.HAL_FLASHEx_OBProgram), (200 bytes).
    Removing stm32f1xx_hal_exti.o(.rev16_text), (4 bytes).
    Removing stm32f1xx_hal_exti.o(.revsh_text), (4 bytes).
    Removing stm32f1xx_hal_exti.o(.rrx_text), (6 bytes).
    Removing stm32f1xx_hal_exti.o(i.HAL_EXTI_ClearConfigLine), (104 bytes).
    Removing stm32f1xx_hal_exti.o(i.HAL_EXTI_ClearPending), (20 bytes).
    Removing stm32f1xx_hal_exti.o(i.HAL_EXTI_GenerateSWI), (20 bytes).
    Removing stm32f1xx_hal_exti.o(i.HAL_EXTI_GetConfigLine), (140 bytes).
    Removing stm32f1xx_hal_exti.o(i.HAL_EXTI_GetHandle), (12 bytes).
    Removing stm32f1xx_hal_exti.o(i.HAL_EXTI_GetPending), (24 bytes).
    Removing stm32f1xx_hal_exti.o(i.HAL_EXTI_IRQHandler), (36 bytes).
    Removing stm32f1xx_hal_exti.o(i.HAL_EXTI_RegisterCallback), (14 bytes).
    Removing stm32f1xx_hal_exti.o(i.HAL_EXTI_SetConfigLine), (164 bytes).
    Removing stm32f1xx_hal_tim.o(.rev16_text), (4 bytes).
    Removing stm32f1xx_hal_tim.o(.revsh_text), (4 bytes).
    Removing stm32f1xx_hal_tim.o(.rrx_text), (6 bytes).
    Removing stm32f1xx_hal_tim.o(i.HAL_TIM_Base_DeInit), (92 bytes).
    Removing stm32f1xx_hal_tim.o(i.HAL_TIM_Base_GetState), (6 bytes).
    Removing stm32f1xx_hal_tim.o(i.HAL_TIM_Base_Init), (90 bytes).
    Removing stm32f1xx_hal_tim.o(i.HAL_TIM_Base_MspDeInit), (2 bytes).
    Removing stm32f1xx_hal_tim.o(i.HAL_TIM_Base_MspInit), (2 bytes).
    Removing stm32f1xx_hal_tim.o(i.HAL_TIM_Base_Start), (80 bytes).
    Removing stm32f1xx_hal_tim.o(i.HAL_TIM_Base_Start_DMA), (152 bytes).
    Removing stm32f1xx_hal_tim.o(i.HAL_TIM_Base_Start_IT), (88 bytes).
    Removing stm32f1xx_hal_tim.o(i.HAL_TIM_Base_Stop), (38 bytes).
    Removing stm32f1xx_hal_tim.o(i.HAL_TIM_Base_Stop_DMA), (58 bytes).
    Removing stm32f1xx_hal_tim.o(i.HAL_TIM_Base_Stop_IT), (48 bytes).
    Removing stm32f1xx_hal_tim.o(i.HAL_TIM_ConfigClockSource), (220 bytes).
    Removing stm32f1xx_hal_tim.o(i.HAL_TIM_ConfigOCrefClear), (216 bytes).
    Removing stm32f1xx_hal_tim.o(i.HAL_TIM_ConfigTI1Input), (16 bytes).
    Removing stm32f1xx_hal_tim.o(i.HAL_TIM_DMABurstState), (6 bytes).
    Removing stm32f1xx_hal_tim.o(i.HAL_TIM_DMABurst_MultiReadStart), (332 bytes).
    Removing stm32f1xx_hal_tim.o(i.HAL_TIM_DMABurst_MultiWriteStart), (332 bytes).
    Removing stm32f1xx_hal_tim.o(i.HAL_TIM_DMABurst_ReadStart), (18 bytes).
    Removing stm32f1xx_hal_tim.o(i.HAL_TIM_DMABurst_ReadStop), (106 bytes).
    Removing stm32f1xx_hal_tim.o(i.HAL_TIM_DMABurst_WriteStart), (18 bytes).
    Removing stm32f1xx_hal_tim.o(i.HAL_TIM_DMABurst_WriteStop), (106 bytes).
    Removing stm32f1xx_hal_tim.o(i.HAL_TIM_Encoder_DeInit), (76 bytes).
    Removing stm32f1xx_hal_tim.o(i.HAL_TIM_Encoder_GetState), (6 bytes).
    Removing stm32f1xx_hal_tim.o(i.HAL_TIM_Encoder_Init), (164 bytes).
    Removing stm32f1xx_hal_tim.o(i.HAL_TIM_Encoder_MspDeInit), (2 bytes).
    Removing stm32f1xx_hal_tim.o(i.HAL_TIM_Encoder_MspInit), (2 bytes).
    Removing stm32f1xx_hal_tim.o(i.HAL_TIM_Encoder_Start), (142 bytes).
    Removing stm32f1xx_hal_tim.o(i.HAL_TIM_Encoder_Start_DMA), (428 bytes).
    Removing stm32f1xx_hal_tim.o(i.HAL_TIM_Encoder_Start_IT), (182 bytes).
    Removing stm32f1xx_hal_tim.o(i.HAL_TIM_Encoder_Stop), (102 bytes).
    Removing stm32f1xx_hal_tim.o(i.HAL_TIM_Encoder_Stop_DMA), (172 bytes).
    Removing stm32f1xx_hal_tim.o(i.HAL_TIM_Encoder_Stop_IT), (144 bytes).
    Removing stm32f1xx_hal_tim.o(i.HAL_TIM_ErrorCallback), (2 bytes).
    Removing stm32f1xx_hal_tim.o(i.HAL_TIM_GenerateEvent), (38 bytes).
    Removing stm32f1xx_hal_tim.o(i.HAL_TIM_GetActiveChannel), (4 bytes).
    Removing stm32f1xx_hal_tim.o(i.HAL_TIM_GetChannelState), (34 bytes).
    Removing stm32f1xx_hal_tim.o(i.HAL_TIM_IC_CaptureCallback), (2 bytes).
    Removing stm32f1xx_hal_tim.o(i.HAL_TIM_IC_CaptureHalfCpltCallback), (2 bytes).
    Removing stm32f1xx_hal_tim.o(i.HAL_TIM_IC_ConfigChannel), (292 bytes).
    Removing stm32f1xx_hal_tim.o(i.HAL_TIM_IC_DeInit), (92 bytes).
    Removing stm32f1xx_hal_tim.o(i.HAL_TIM_IC_GetState), (6 bytes).
    Removing stm32f1xx_hal_tim.o(i.HAL_TIM_IC_Init), (90 bytes).
    Removing stm32f1xx_hal_tim.o(i.HAL_TIM_IC_MspDeInit), (2 bytes).
    Removing stm32f1xx_hal_tim.o(i.HAL_TIM_IC_MspInit), (2 bytes).
    Removing stm32f1xx_hal_tim.o(i.HAL_TIM_IC_Start), (184 bytes).
    Removing stm32f1xx_hal_tim.o(i.HAL_TIM_IC_Start_DMA), (416 bytes).
    Removing stm32f1xx_hal_tim.o(i.HAL_TIM_IC_Start_IT), (228 bytes).
    Removing stm32f1xx_hal_tim.o(i.HAL_TIM_IC_Stop), (82 bytes).
    Removing stm32f1xx_hal_tim.o(i.HAL_TIM_IC_Stop_DMA), (160 bytes).
    Removing stm32f1xx_hal_tim.o(i.HAL_TIM_IC_Stop_IT), (146 bytes).
    Removing stm32f1xx_hal_tim.o(i.HAL_TIM_IRQHandler), (358 bytes).
    Removing stm32f1xx_hal_tim.o(i.HAL_TIM_OC_ConfigChannel), (82 bytes).
    Removing stm32f1xx_hal_tim.o(i.HAL_TIM_OC_DeInit), (92 bytes).
    Removing stm32f1xx_hal_tim.o(i.HAL_TIM_OC_DelayElapsedCallback), (2 bytes).
    Removing stm32f1xx_hal_tim.o(i.HAL_TIM_OC_GetState), (6 bytes).
    Removing stm32f1xx_hal_tim.o(i.HAL_TIM_OC_Init), (90 bytes).
    Removing stm32f1xx_hal_tim.o(i.HAL_TIM_OC_MspDeInit), (2 bytes).
    Removing stm32f1xx_hal_tim.o(i.HAL_TIM_OC_MspInit), (2 bytes).
    Removing stm32f1xx_hal_tim.o(i.HAL_TIM_OC_Start), (156 bytes).
    Removing stm32f1xx_hal_tim.o(i.HAL_TIM_OC_Start_DMA), (404 bytes).
    Removing stm32f1xx_hal_tim.o(i.HAL_TIM_OC_Start_IT), (200 bytes).
    Removing stm32f1xx_hal_tim.o(i.HAL_TIM_OC_Stop), (112 bytes).
    Removing stm32f1xx_hal_tim.o(i.HAL_TIM_OC_Stop_DMA), (196 bytes).
    Removing stm32f1xx_hal_tim.o(i.HAL_TIM_OC_Stop_IT), (176 bytes).
    Removing stm32f1xx_hal_tim.o(i.HAL_TIM_OnePulse_ConfigChannel), (230 bytes).
    Removing stm32f1xx_hal_tim.o(i.HAL_TIM_OnePulse_DeInit), (76 bytes).
    Removing stm32f1xx_hal_tim.o(i.HAL_TIM_OnePulse_GetState), (6 bytes).
    Removing stm32f1xx_hal_tim.o(i.HAL_TIM_OnePulse_Init), (86 bytes).
    Removing stm32f1xx_hal_tim.o(i.HAL_TIM_OnePulse_MspDeInit), (2 bytes).
    Removing stm32f1xx_hal_tim.o(i.HAL_TIM_OnePulse_MspInit), (2 bytes).
    Removing stm32f1xx_hal_tim.o(i.HAL_TIM_OnePulse_Start), (104 bytes).
    Removing stm32f1xx_hal_tim.o(i.HAL_TIM_OnePulse_Start_IT), (124 bytes).
    Removing stm32f1xx_hal_tim.o(i.HAL_TIM_OnePulse_Stop), (100 bytes).
    Removing stm32f1xx_hal_tim.o(i.HAL_TIM_OnePulse_Stop_IT), (120 bytes).
    Removing stm32f1xx_hal_tim.o(i.HAL_TIM_PWM_DeInit), (92 bytes).
    Removing stm32f1xx_hal_tim.o(i.HAL_TIM_PWM_GetState), (6 bytes).
    Removing stm32f1xx_hal_tim.o(i.HAL_TIM_PWM_MspDeInit), (2 bytes).
    Removing stm32f1xx_hal_tim.o(i.HAL_TIM_PWM_MspInit), (2 bytes).
    Removing stm32f1xx_hal_tim.o(i.HAL_TIM_PWM_PulseFinishedCallback), (2 bytes).
    Removing stm32f1xx_hal_tim.o(i.HAL_TIM_PWM_PulseFinishedHalfCpltCallback), (2 bytes).
    Removing stm32f1xx_hal_tim.o(i.HAL_TIM_PWM_Start_DMA), (404 bytes).
    Removing stm32f1xx_hal_tim.o(i.HAL_TIM_PWM_Start_IT), (200 bytes).
    Removing stm32f1xx_hal_tim.o(i.HAL_TIM_PWM_Stop), (112 bytes).
    Removing stm32f1xx_hal_tim.o(i.HAL_TIM_PWM_Stop_DMA), (196 bytes).
    Removing stm32f1xx_hal_tim.o(i.HAL_TIM_PWM_Stop_IT), (176 bytes).
    Removing stm32f1xx_hal_tim.o(i.HAL_TIM_PeriodElapsedCallback), (2 bytes).
    Removing stm32f1xx_hal_tim.o(i.HAL_TIM_PeriodElapsedHalfCpltCallback), (2 bytes).
    Removing stm32f1xx_hal_tim.o(i.HAL_TIM_ReadCapturedValue), (42 bytes).
    Removing stm32f1xx_hal_tim.o(i.HAL_TIM_SlaveConfigSynchro), (86 bytes).
    Removing stm32f1xx_hal_tim.o(i.HAL_TIM_SlaveConfigSynchro_IT), (86 bytes).
    Removing stm32f1xx_hal_tim.o(i.HAL_TIM_TriggerCallback), (2 bytes).
    Removing stm32f1xx_hal_tim.o(i.HAL_TIM_TriggerHalfCpltCallback), (2 bytes).
    Removing stm32f1xx_hal_tim.o(i.TIM_DMACaptureCplt), (110 bytes).
    Removing stm32f1xx_hal_tim.o(i.TIM_DMACaptureHalfCplt), (56 bytes).
    Removing stm32f1xx_hal_tim.o(i.TIM_DMADelayPulseCplt), (94 bytes).
    Removing stm32f1xx_hal_tim.o(i.TIM_DMADelayPulseHalfCplt), (56 bytes).
    Removing stm32f1xx_hal_tim.o(i.TIM_DMAError), (84 bytes).
    Removing stm32f1xx_hal_tim.o(i.TIM_DMAPeriodElapsedCplt), (22 bytes).
    Removing stm32f1xx_hal_tim.o(i.TIM_DMAPeriodElapsedHalfCplt), (10 bytes).
    Removing stm32f1xx_hal_tim.o(i.TIM_DMATriggerCplt), (22 bytes).
    Removing stm32f1xx_hal_tim.o(i.TIM_DMATriggerHalfCplt), (10 bytes).
    Removing stm32f1xx_hal_tim.o(i.TIM_ETR_SetConfig), (20 bytes).
    Removing stm32f1xx_hal_tim.o(i.TIM_ITRx_SetConfig), (16 bytes).
    Removing stm32f1xx_hal_tim.o(i.TIM_SlaveTimer_SetConfig), (140 bytes).
    Removing stm32f1xx_hal_tim.o(i.TIM_TI1_ConfigInputStage), (34 bytes).
    Removing stm32f1xx_hal_tim.o(i.TIM_TI1_SetConfig), (88 bytes).
    Removing stm32f1xx_hal_tim.o(i.TIM_TI2_ConfigInputStage), (36 bytes).
    Removing stm32f1xx_hal_tim.o(i.TIM_TI2_SetConfig), (54 bytes).
    Removing stm32f1xx_hal_tim_ex.o(.rev16_text), (4 bytes).
    Removing stm32f1xx_hal_tim_ex.o(.revsh_text), (4 bytes).
    Removing stm32f1xx_hal_tim_ex.o(.rrx_text), (6 bytes).
    Removing stm32f1xx_hal_tim_ex.o(i.HAL_TIMEx_BreakCallback), (2 bytes).
    Removing stm32f1xx_hal_tim_ex.o(i.HAL_TIMEx_CommutCallback), (2 bytes).
    Removing stm32f1xx_hal_tim_ex.o(i.HAL_TIMEx_CommutHalfCpltCallback), (2 bytes).
    Removing stm32f1xx_hal_tim_ex.o(i.HAL_TIMEx_ConfigCommutEvent), (112 bytes).
    Removing stm32f1xx_hal_tim_ex.o(i.HAL_TIMEx_ConfigCommutEvent_DMA), (144 bytes).
    Removing stm32f1xx_hal_tim_ex.o(i.HAL_TIMEx_ConfigCommutEvent_IT), (112 bytes).
    Removing stm32f1xx_hal_tim_ex.o(i.HAL_TIMEx_GetChannelNState), (34 bytes).
    Removing stm32f1xx_hal_tim_ex.o(i.HAL_TIMEx_HallSensor_DeInit), (76 bytes).
    Removing stm32f1xx_hal_tim_ex.o(i.HAL_TIMEx_HallSensor_GetState), (6 bytes).
    Removing stm32f1xx_hal_tim_ex.o(i.HAL_TIMEx_HallSensor_Init), (208 bytes).
    Removing stm32f1xx_hal_tim_ex.o(i.HAL_TIMEx_HallSensor_MspDeInit), (2 bytes).
    Removing stm32f1xx_hal_tim_ex.o(i.HAL_TIMEx_HallSensor_MspInit), (2 bytes).
    Removing stm32f1xx_hal_tim_ex.o(i.HAL_TIMEx_HallSensor_Start), (128 bytes).
    Removing stm32f1xx_hal_tim_ex.o(i.HAL_TIMEx_HallSensor_Start_DMA), (184 bytes).
    Removing stm32f1xx_hal_tim_ex.o(i.HAL_TIMEx_HallSensor_Start_IT), (140 bytes).
    Removing stm32f1xx_hal_tim_ex.o(i.HAL_TIMEx_HallSensor_Stop), (58 bytes).
    Removing stm32f1xx_hal_tim_ex.o(i.HAL_TIMEx_HallSensor_Stop_DMA), (70 bytes).
    Removing stm32f1xx_hal_tim_ex.o(i.HAL_TIMEx_HallSensor_Stop_IT), (68 bytes).
    Removing stm32f1xx_hal_tim_ex.o(i.HAL_TIMEx_OCN_Start), (152 bytes).
    Removing stm32f1xx_hal_tim_ex.o(i.HAL_TIMEx_OCN_Start_DMA), (352 bytes).
    Removing stm32f1xx_hal_tim_ex.o(i.HAL_TIMEx_OCN_Start_IT), (192 bytes).
    Removing stm32f1xx_hal_tim_ex.o(i.HAL_TIMEx_OCN_Stop), (104 bytes).
    Removing stm32f1xx_hal_tim_ex.o(i.HAL_TIMEx_OCN_Stop_DMA), (168 bytes).
    Removing stm32f1xx_hal_tim_ex.o(i.HAL_TIMEx_OCN_Stop_IT), (170 bytes).
    Removing stm32f1xx_hal_tim_ex.o(i.HAL_TIMEx_OnePulseN_Start), (100 bytes).
    Removing stm32f1xx_hal_tim_ex.o(i.HAL_TIMEx_OnePulseN_Start_IT), (120 bytes).
    Removing stm32f1xx_hal_tim_ex.o(i.HAL_TIMEx_OnePulseN_Stop), (98 bytes).
    Removing stm32f1xx_hal_tim_ex.o(i.HAL_TIMEx_OnePulseN_Stop_IT), (120 bytes).
    Removing stm32f1xx_hal_tim_ex.o(i.HAL_TIMEx_PWMN_Start), (152 bytes).
    Removing stm32f1xx_hal_tim_ex.o(i.HAL_TIMEx_PWMN_Start_DMA), (352 bytes).
    Removing stm32f1xx_hal_tim_ex.o(i.HAL_TIMEx_PWMN_Start_IT), (192 bytes).
    Removing stm32f1xx_hal_tim_ex.o(i.HAL_TIMEx_PWMN_Stop), (104 bytes).
    Removing stm32f1xx_hal_tim_ex.o(i.HAL_TIMEx_PWMN_Stop_DMA), (168 bytes).
    Removing stm32f1xx_hal_tim_ex.o(i.HAL_TIMEx_PWMN_Stop_IT), (170 bytes).
    Removing stm32f1xx_hal_tim_ex.o(i.HAL_TIMEx_RemapConfig), (4 bytes).
    Removing stm32f1xx_hal_tim_ex.o(i.TIMEx_DMACommutationCplt), (16 bytes).
    Removing stm32f1xx_hal_tim_ex.o(i.TIMEx_DMACommutationHalfCplt), (16 bytes).
    Removing stm32f1xx_hal_tim_ex.o(i.TIM_CCxNChannelCmd), (26 bytes).
    Removing stm32f1xx_hal_tim_ex.o(i.TIM_DMADelayPulseNCplt), (94 bytes).
    Removing stm32f1xx_hal_tim_ex.o(i.TIM_DMAErrorCCxN), (62 bytes).
    Removing stm32f1xx_hal_uart.o(.rev16_text), (4 bytes).
    Removing stm32f1xx_hal_uart.o(.revsh_text), (4 bytes).
    Removing stm32f1xx_hal_uart.o(.rrx_text), (6 bytes).
    Removing stm32f1xx_hal_uart.o(i.HAL_HalfDuplex_EnableReceiver), (50 bytes).
    Removing stm32f1xx_hal_uart.o(i.HAL_HalfDuplex_EnableTransmitter), (50 bytes).
    Removing stm32f1xx_hal_uart.o(i.HAL_HalfDuplex_Init), (110 bytes).
    Removing stm32f1xx_hal_uart.o(i.HAL_LIN_Init), (130 bytes).
    Removing stm32f1xx_hal_uart.o(i.HAL_LIN_SendBreak), (60 bytes).
    Removing stm32f1xx_hal_uart.o(i.HAL_MultiProcessor_EnterMuteMode), (62 bytes).
    Removing stm32f1xx_hal_uart.o(i.HAL_MultiProcessor_ExitMuteMode), (62 bytes).
    Removing stm32f1xx_hal_uart.o(i.HAL_MultiProcessor_Init), (144 bytes).
    Removing stm32f1xx_hal_uart.o(i.HAL_UARTEx_GetRxEventType), (4 bytes).
    Removing stm32f1xx_hal_uart.o(i.HAL_UARTEx_ReceiveToIdle), (240 bytes).
    Removing stm32f1xx_hal_uart.o(i.HAL_UARTEx_ReceiveToIdle_DMA), (78 bytes).
    Removing stm32f1xx_hal_uart.o(i.HAL_UARTEx_ReceiveToIdle_IT), (78 bytes).
    Removing stm32f1xx_hal_uart.o(i.HAL_UARTEx_RxEventCallback), (2 bytes).
    Removing stm32f1xx_hal_uart.o(i.HAL_UART_Abort), (210 bytes).
    Removing stm32f1xx_hal_uart.o(i.HAL_UART_AbortCpltCallback), (2 bytes).
    Removing stm32f1xx_hal_uart.o(i.HAL_UART_AbortReceive), (148 bytes).
    Removing stm32f1xx_hal_uart.o(i.HAL_UART_AbortReceiveCpltCallback), (2 bytes).
    Removing stm32f1xx_hal_uart.o(i.HAL_UART_AbortReceive_IT), (152 bytes).
    Removing stm32f1xx_hal_uart.o(i.HAL_UART_AbortTransmit), (98 bytes).
    Removing stm32f1xx_hal_uart.o(i.HAL_UART_AbortTransmitCpltCallback), (2 bytes).
    Removing stm32f1xx_hal_uart.o(i.HAL_UART_AbortTransmit_IT), (104 bytes).
    Removing stm32f1xx_hal_uart.o(i.HAL_UART_Abort_IT), (244 bytes).
    Removing stm32f1xx_hal_uart.o(i.HAL_UART_DMAPause), (120 bytes).
    Removing stm32f1xx_hal_uart.o(i.HAL_UART_DMAResume), (114 bytes).
    Removing stm32f1xx_hal_uart.o(i.HAL_UART_DMAStop), (112 bytes).
    Removing stm32f1xx_hal_uart.o(i.HAL_UART_DeInit), (54 bytes).
    Removing stm32f1xx_hal_uart.o(i.HAL_UART_ErrorCallback), (2 bytes).
    Removing stm32f1xx_hal_uart.o(i.HAL_UART_GetError), (4 bytes).
    Removing stm32f1xx_hal_uart.o(i.HAL_UART_GetState), (10 bytes).
    Removing stm32f1xx_hal_uart.o(i.HAL_UART_IRQHandler), (620 bytes).
    Removing stm32f1xx_hal_uart.o(i.HAL_UART_MspDeInit), (2 bytes).
    Removing stm32f1xx_hal_uart.o(i.HAL_UART_MspInit), (2 bytes).
    Removing stm32f1xx_hal_uart.o(i.HAL_UART_Receive), (172 bytes).
    Removing stm32f1xx_hal_uart.o(i.HAL_UART_Receive_DMA), (28 bytes).
    Removing stm32f1xx_hal_uart.o(i.HAL_UART_Receive_IT), (28 bytes).
    Removing stm32f1xx_hal_uart.o(i.HAL_UART_RxCpltCallback), (2 bytes).
    Removing stm32f1xx_hal_uart.o(i.HAL_UART_RxHalfCpltCallback), (2 bytes).
    Removing stm32f1xx_hal_uart.o(i.HAL_UART_Transmit_DMA), (120 bytes).
    Removing stm32f1xx_hal_uart.o(i.HAL_UART_Transmit_IT), (50 bytes).
    Removing stm32f1xx_hal_uart.o(i.HAL_UART_TxCpltCallback), (2 bytes).
    Removing stm32f1xx_hal_uart.o(i.HAL_UART_TxHalfCpltCallback), (2 bytes).
    Removing stm32f1xx_hal_uart.o(i.UART_DMAAbortOnError), (16 bytes).
    Removing stm32f1xx_hal_uart.o(i.UART_DMAError), (74 bytes).
    Removing stm32f1xx_hal_uart.o(i.UART_DMAReceiveCplt), (134 bytes).
    Removing stm32f1xx_hal_uart.o(i.UART_DMARxAbortCallback), (44 bytes).
    Removing stm32f1xx_hal_uart.o(i.UART_DMARxHalfCplt), (30 bytes).
    Removing stm32f1xx_hal_uart.o(i.UART_DMARxOnlyAbortCallback), (22 bytes).
    Removing stm32f1xx_hal_uart.o(i.UART_DMATransmitCplt), (66 bytes).
    Removing stm32f1xx_hal_uart.o(i.UART_DMATxAbortCallback), (44 bytes).
    Removing stm32f1xx_hal_uart.o(i.UART_DMATxHalfCplt), (10 bytes).
    Removing stm32f1xx_hal_uart.o(i.UART_DMATxOnlyAbortCallback), (20 bytes).
    Removing stm32f1xx_hal_uart.o(i.UART_EndRxTransfer), (78 bytes).
    Removing stm32f1xx_hal_uart.o(i.UART_EndTxTransfer), (28 bytes).
    Removing stm32f1xx_hal_uart.o(i.UART_Receive_IT), (194 bytes).
    Removing stm32f1xx_hal_uart.o(i.UART_Start_Receive_DMA), (144 bytes).
    Removing stm32f1xx_hal_uart.o(i.UART_Start_Receive_IT), (54 bytes).
    Removing system_stm32f1xx.o(.rev16_text), (4 bytes).
    Removing system_stm32f1xx.o(.revsh_text), (4 bytes).
    Removing system_stm32f1xx.o(.rrx_text), (6 bytes).
    Removing system_stm32f1xx.o(i.SystemCoreClockUpdate), (104 bytes).
    Removing font.o(.rev16_text), (4 bytes).
    Removing font.o(.revsh_text), (4 bytes).
    Removing font.o(.rrx_text), (6 bytes).
    Removing font.o(.data), (1024 bytes).
    Removing font.o(.data), (128 bytes).
    Removing iic.o(.rev16_text), (4 bytes).
    Removing iic.o(.revsh_text), (4 bytes).
    Removing iic.o(.rrx_text), (6 bytes).
    Removing iic.o(i.IIC_Read_Data), (60 bytes).
    Removing iic.o(i.IIC_Send_Ack), (40 bytes).
    Removing iic.o(i.delay_us), (2 bytes).
    Removing led.o(.rev16_text), (4 bytes).
    Removing led.o(.revsh_text), (4 bytes).
    Removing led.o(.rrx_text), (6 bytes).
    Removing led.o(i.Led_Init), (52 bytes).
    Removing oled.o(.rev16_text), (4 bytes).
    Removing oled.o(.revsh_text), (4 bytes).
    Removing oled.o(.rrx_text), (6 bytes).
    Removing oled.o(i.Oled_Display_Pic), (72 bytes).
    Removing bsp_key.o(.rev16_text), (4 bytes).
    Removing bsp_key.o(.revsh_text), (4 bytes).
    Removing bsp_key.o(.rrx_text), (6 bytes).
    Removing dfixi.o(.text), (62 bytes).

449 unused section(s) (total 31617 bytes) removed from the image.

==============================================================================

Image Symbol Table

    Local Symbols

    Symbol Name                              Value     Ov Type        Size  Object(Section)

    ../Core/Src/main.c                       0x00000000   Number         0  main.o ABSOLUTE
    ../Core/Src/stm32f1xx_hal_msp.c          0x00000000   Number         0  stm32f1xx_hal_msp.o ABSOLUTE
    ../Core/Src/stm32f1xx_it.c               0x00000000   Number         0  stm32f1xx_it.o ABSOLUTE
    ../Core/Src/system_stm32f1xx.c           0x00000000   Number         0  system_stm32f1xx.o ABSOLUTE
    ../Drivers/STM32F1xx_HAL_Driver/Src/stm32f1xx_hal.c 0x00000000   Number         0  stm32f1xx_hal.o ABSOLUTE
    ../Drivers/STM32F1xx_HAL_Driver/Src/stm32f1xx_hal_adc.c 0x00000000   Number         0  stm32f1xx_hal_adc.o ABSOLUTE
    ../Drivers/STM32F1xx_HAL_Driver/Src/stm32f1xx_hal_adc_ex.c 0x00000000   Number         0  stm32f1xx_hal_adc_ex.o ABSOLUTE
    ../Drivers/STM32F1xx_HAL_Driver/Src/stm32f1xx_hal_cortex.c 0x00000000   Number         0  stm32f1xx_hal_cortex.o ABSOLUTE
    ../Drivers/STM32F1xx_HAL_Driver/Src/stm32f1xx_hal_dma.c 0x00000000   Number         0  stm32f1xx_hal_dma.o ABSOLUTE
    ../Drivers/STM32F1xx_HAL_Driver/Src/stm32f1xx_hal_exti.c 0x00000000   Number         0  stm32f1xx_hal_exti.o ABSOLUTE
    ../Drivers/STM32F1xx_HAL_Driver/Src/stm32f1xx_hal_flash.c 0x00000000   Number         0  stm32f1xx_hal_flash.o ABSOLUTE
    ../Drivers/STM32F1xx_HAL_Driver/Src/stm32f1xx_hal_flash_ex.c 0x00000000   Number         0  stm32f1xx_hal_flash_ex.o ABSOLUTE
    ../Drivers/STM32F1xx_HAL_Driver/Src/stm32f1xx_hal_gpio.c 0x00000000   Number         0  stm32f1xx_hal_gpio.o ABSOLUTE
    ../Drivers/STM32F1xx_HAL_Driver/Src/stm32f1xx_hal_gpio_ex.c 0x00000000   Number         0  stm32f1xx_hal_gpio_ex.o ABSOLUTE
    ../Drivers/STM32F1xx_HAL_Driver/Src/stm32f1xx_hal_pwr.c 0x00000000   Number         0  stm32f1xx_hal_pwr.o ABSOLUTE
    ../Drivers/STM32F1xx_HAL_Driver/Src/stm32f1xx_hal_rcc.c 0x00000000   Number         0  stm32f1xx_hal_rcc.o ABSOLUTE
    ../Drivers/STM32F1xx_HAL_Driver/Src/stm32f1xx_hal_rcc_ex.c 0x00000000   Number         0  stm32f1xx_hal_rcc_ex.o ABSOLUTE
    ../Drivers/STM32F1xx_HAL_Driver/Src/stm32f1xx_hal_tim.c 0x00000000   Number         0  stm32f1xx_hal_tim.o ABSOLUTE
    ../Drivers/STM32F1xx_HAL_Driver/Src/stm32f1xx_hal_tim_ex.c 0x00000000   Number         0  stm32f1xx_hal_tim_ex.o ABSOLUTE
    ../Drivers/STM32F1xx_HAL_Driver/Src/stm32f1xx_hal_uart.c 0x00000000   Number         0  stm32f1xx_hal_uart.o ABSOLUTE
    ../clib/microlib/division.c              0x00000000   Number         0  uidiv.o ABSOLUTE
    ../clib/microlib/division.c              0x00000000   Number         0  uldiv.o ABSOLUTE
    ../clib/microlib/init/entry.s            0x00000000   Number         0  entry.o ABSOLUTE
    ../clib/microlib/init/entry.s            0x00000000   Number         0  entry7b.o ABSOLUTE
    ../clib/microlib/init/entry.s            0x00000000   Number         0  entry7a.o ABSOLUTE
    ../clib/microlib/init/entry.s            0x00000000   Number         0  entry8a.o ABSOLUTE
    ../clib/microlib/init/entry.s            0x00000000   Number         0  entry5.o ABSOLUTE
    ../clib/microlib/init/entry.s            0x00000000   Number         0  entry9a.o ABSOLUTE
    ../clib/microlib/init/entry.s            0x00000000   Number         0  entry9b.o ABSOLUTE
    ../clib/microlib/init/entry.s            0x00000000   Number         0  entry8b.o ABSOLUTE
    ../clib/microlib/init/entry.s            0x00000000   Number         0  entry11b.o ABSOLUTE
    ../clib/microlib/init/entry.s            0x00000000   Number         0  entry11a.o ABSOLUTE
    ../clib/microlib/init/entry.s            0x00000000   Number         0  entry10b.o ABSOLUTE
    ../clib/microlib/init/entry.s            0x00000000   Number         0  entry2.o ABSOLUTE
    ../clib/microlib/init/entry.s            0x00000000   Number         0  entry10a.o ABSOLUTE
    ../clib/microlib/longlong.c              0x00000000   Number         0  llshl.o ABSOLUTE
    ../clib/microlib/longlong.c              0x00000000   Number         0  llushr.o ABSOLUTE
    ../clib/microlib/longlong.c              0x00000000   Number         0  llsshr.o ABSOLUTE
    ../clib/microlib/printf/printf.c         0x00000000   Number         0  printf5.o ABSOLUTE
    ../clib/microlib/printf/printf.c         0x00000000   Number         0  printf1.o ABSOLUTE
    ../clib/microlib/printf/printf.c         0x00000000   Number         0  printf2.o ABSOLUTE
    ../clib/microlib/printf/printf.c         0x00000000   Number         0  printf4.o ABSOLUTE
    ../clib/microlib/printf/printf.c         0x00000000   Number         0  printf8.o ABSOLUTE
    ../clib/microlib/printf/printf.c         0x00000000   Number         0  printfa.o ABSOLUTE
    ../clib/microlib/printf/printf.c         0x00000000   Number         0  printf7.o ABSOLUTE
    ../clib/microlib/printf/printf.c         0x00000000   Number         0  printf3.o ABSOLUTE
    ../clib/microlib/printf/printf.c         0x00000000   Number         0  printf0.o ABSOLUTE
    ../clib/microlib/printf/printf.c         0x00000000   Number         0  printfb.o ABSOLUTE
    ../clib/microlib/printf/printf.c         0x00000000   Number         0  printf6.o ABSOLUTE
    ../clib/microlib/printf/stubs.s          0x00000000   Number         0  stubs.o ABSOLUTE
    ../clib/microlib/stdio/fputc.c           0x00000000   Number         0  fputc.o ABSOLUTE
    ../clib/microlib/stdio/semi.s            0x00000000   Number         0  semi.o ABSOLUTE
    ../clib/microlib/stdio/streams.c         0x00000000   Number         0  stdout.o ABSOLUTE
    ../clib/microlib/string/memset.c         0x00000000   Number         0  memseta.o ABSOLUTE
    ../clib/microlib/string/strlen.c         0x00000000   Number         0  strlen.o ABSOLUTE
    ../clib/microlib/stubs.s                 0x00000000   Number         0  iusesemip.o ABSOLUTE
    ../clib/microlib/stubs.s                 0x00000000   Number         0  iusefp.o ABSOLUTE
    ../fplib/microlib/fpadd.c                0x00000000   Number         0  dadd.o ABSOLUTE
    ../fplib/microlib/fpdiv.c                0x00000000   Number         0  ddiv.o ABSOLUTE
    ../fplib/microlib/fpepilogue.c           0x00000000   Number         0  depilogue.o ABSOLUTE
    ../fplib/microlib/fpfix.c                0x00000000   Number         0  dfixi.o ABSOLUTE
    ../fplib/microlib/fpfix.c                0x00000000   Number         0  dfixui.o ABSOLUTE
    ../fplib/microlib/fpfix.c                0x00000000   Number         0  dfixul.o ABSOLUTE
    ../fplib/microlib/fpflt.c                0x00000000   Number         0  dfltui.o ABSOLUTE
    ../fplib/microlib/fpflt.c                0x00000000   Number         0  dflti.o ABSOLUTE
    ../fplib/microlib/fpmul.c                0x00000000   Number         0  dmul.o ABSOLUTE
    ..\Components\oled\delay.c               0x00000000   Number         0  delay.o ABSOLUTE
    ..\Components\oled\font.c                0x00000000   Number         0  font.o ABSOLUTE
    ..\Components\oled\iic.c                 0x00000000   Number         0  iic.o ABSOLUTE
    ..\Components\oled\led.c                 0x00000000   Number         0  led.o ABSOLUTE
    ..\Components\oled\oled.c                0x00000000   Number         0  oled.o ABSOLUTE
    ..\Core\Src\BSP_KEY.c                    0x00000000   Number         0  bsp_key.o ABSOLUTE
    ..\Core\Src\main.c                       0x00000000   Number         0  main.o ABSOLUTE
    ..\Core\Src\stm32f1xx_hal_msp.c          0x00000000   Number         0  stm32f1xx_hal_msp.o ABSOLUTE
    ..\Core\Src\stm32f1xx_it.c               0x00000000   Number         0  stm32f1xx_it.o ABSOLUTE
    ..\Core\Src\system_stm32f1xx.c           0x00000000   Number         0  system_stm32f1xx.o ABSOLUTE
    ..\Drivers\STM32F1xx_HAL_Driver\Src\stm32f1xx_hal.c 0x00000000   Number         0  stm32f1xx_hal.o ABSOLUTE
    ..\Drivers\STM32F1xx_HAL_Driver\Src\stm32f1xx_hal_adc.c 0x00000000   Number         0  stm32f1xx_hal_adc.o ABSOLUTE
    ..\Drivers\STM32F1xx_HAL_Driver\Src\stm32f1xx_hal_adc_ex.c 0x00000000   Number         0  stm32f1xx_hal_adc_ex.o ABSOLUTE
    ..\Drivers\STM32F1xx_HAL_Driver\Src\stm32f1xx_hal_cortex.c 0x00000000   Number         0  stm32f1xx_hal_cortex.o ABSOLUTE
    ..\Drivers\STM32F1xx_HAL_Driver\Src\stm32f1xx_hal_dma.c 0x00000000   Number         0  stm32f1xx_hal_dma.o ABSOLUTE
    ..\Drivers\STM32F1xx_HAL_Driver\Src\stm32f1xx_hal_exti.c 0x00000000   Number         0  stm32f1xx_hal_exti.o ABSOLUTE
    ..\Drivers\STM32F1xx_HAL_Driver\Src\stm32f1xx_hal_flash.c 0x00000000   Number         0  stm32f1xx_hal_flash.o ABSOLUTE
    ..\Drivers\STM32F1xx_HAL_Driver\Src\stm32f1xx_hal_flash_ex.c 0x00000000   Number         0  stm32f1xx_hal_flash_ex.o ABSOLUTE
    ..\Drivers\STM32F1xx_HAL_Driver\Src\stm32f1xx_hal_gpio.c 0x00000000   Number         0  stm32f1xx_hal_gpio.o ABSOLUTE
    ..\Drivers\STM32F1xx_HAL_Driver\Src\stm32f1xx_hal_gpio_ex.c 0x00000000   Number         0  stm32f1xx_hal_gpio_ex.o ABSOLUTE
    ..\Drivers\STM32F1xx_HAL_Driver\Src\stm32f1xx_hal_pwr.c 0x00000000   Number         0  stm32f1xx_hal_pwr.o ABSOLUTE
    ..\Drivers\STM32F1xx_HAL_Driver\Src\stm32f1xx_hal_rcc.c 0x00000000   Number         0  stm32f1xx_hal_rcc.o ABSOLUTE
    ..\Drivers\STM32F1xx_HAL_Driver\Src\stm32f1xx_hal_rcc_ex.c 0x00000000   Number         0  stm32f1xx_hal_rcc_ex.o ABSOLUTE
    ..\Drivers\STM32F1xx_HAL_Driver\Src\stm32f1xx_hal_tim.c 0x00000000   Number         0  stm32f1xx_hal_tim.o ABSOLUTE
    ..\Drivers\STM32F1xx_HAL_Driver\Src\stm32f1xx_hal_tim_ex.c 0x00000000   Number         0  stm32f1xx_hal_tim_ex.o ABSOLUTE
    ..\Drivers\STM32F1xx_HAL_Driver\Src\stm32f1xx_hal_uart.c 0x00000000   Number         0  stm32f1xx_hal_uart.o ABSOLUTE
    ..\\Components\\oled\\font.c             0x00000000   Number         0  font.o ABSOLUTE
    ..\\Components\\oled\\iic.c              0x00000000   Number         0  iic.o ABSOLUTE
    ..\\Components\\oled\\led.c              0x00000000   Number         0  led.o ABSOLUTE
    ..\\Components\\oled\\oled.c             0x00000000   Number         0  oled.o ABSOLUTE
    ..\\Core\\Src\\BSP_KEY.c                 0x00000000   Number         0  bsp_key.o ABSOLUTE
    cdcmple.s                                0x00000000   Number         0  cdcmple.o ABSOLUTE
    cdrcmple.s                               0x00000000   Number         0  cdrcmple.o ABSOLUTE
    dc.s                                     0x00000000   Number         0  dc.o ABSOLUTE
    handlers.s                               0x00000000   Number         0  handlers.o ABSOLUTE
    init.s                                   0x00000000   Number         0  init.o ABSOLUTE
    startup_stm32f103xb.s                    0x00000000   Number         0  startup_stm32f103xb.o ABSOLUTE
    RESET                                    0x08000000   Section      236  startup_stm32f103xb.o(RESET)
    .ARM.Collect$$$$00000000                 0x080000ec   Section        0  entry.o(.ARM.Collect$$$$00000000)
    .ARM.Collect$$$$00000001                 0x080000ec   Section        4  entry2.o(.ARM.Collect$$$$00000001)
    .ARM.Collect$$$$00000004                 0x080000f0   Section        4  entry5.o(.ARM.Collect$$$$00000004)
    .ARM.Collect$$$$00000008                 0x080000f4   Section        0  entry7b.o(.ARM.Collect$$$$00000008)
    .ARM.Collect$$$$0000000A                 0x080000f4   Section        0  entry8b.o(.ARM.Collect$$$$0000000A)
    .ARM.Collect$$$$0000000B                 0x080000f4   Section        8  entry9a.o(.ARM.Collect$$$$0000000B)
    .ARM.Collect$$$$0000000D                 0x080000fc   Section        0  entry10a.o(.ARM.Collect$$$$0000000D)
    .ARM.Collect$$$$0000000F                 0x080000fc   Section        0  entry11a.o(.ARM.Collect$$$$0000000F)
    .ARM.Collect$$$$00002712                 0x080000fc   Section        4  entry2.o(.ARM.Collect$$$$00002712)
    __lit__00000000                          0x080000fc   Data           4  entry2.o(.ARM.Collect$$$$00002712)
    .text                                    0x08000100   Section       36  startup_stm32f103xb.o(.text)
    .text                                    0x08000124   Section        0  llushr.o(.text)
    .text                                    0x08000144   Section        0  memseta.o(.text)
    .text                                    0x08000168   Section        0  strlen.o(.text)
    .text                                    0x08000176   Section        0  dadd.o(.text)
    .text                                    0x080002c4   Section        0  dmul.o(.text)
    .text                                    0x080003a8   Section        0  ddiv.o(.text)
    .text                                    0x08000486   Section        0  dflti.o(.text)
    .text                                    0x080004a8   Section        0  dfltui.o(.text)
    .text                                    0x080004c2   Section        0  dfixui.o(.text)
    .text                                    0x080004f4   Section       48  cdcmple.o(.text)
    .text                                    0x08000524   Section       48  cdrcmple.o(.text)
    .text                                    0x08000554   Section        0  uidiv.o(.text)
    .text                                    0x08000580   Section        0  uldiv.o(.text)
    .text                                    0x080005e2   Section        0  llshl.o(.text)
    .text                                    0x08000600   Section        0  llsshr.o(.text)
    .text                                    0x08000624   Section        0  depilogue.o(.text)
    .text                                    0x08000624   Section        0  iusefp.o(.text)
    .text                                    0x080006de   Section        0  dfixul.o(.text)
    .text                                    0x08000710   Section       36  init.o(.text)
    i.ADC_ConversionStop_Disable             0x08000734   Section        0  stm32f1xx_hal_adc.o(i.ADC_ConversionStop_Disable)
    i.ADC_Enable                             0x0800078c   Section        0  stm32f1xx_hal_adc.o(i.ADC_Enable)
    i.BusFault_Handler                       0x08000808   Section        0  stm32f1xx_it.o(i.BusFault_Handler)
    i.DebugMon_Handler                       0x0800080a   Section        0  stm32f1xx_it.o(i.DebugMon_Handler)
    i.Get_And_Show_Rd                        0x0800080c   Section        0  main.o(i.Get_And_Show_Rd)
    i.Get_R                                  0x08000934   Section        0  main.o(i.Get_R)
    i.HAL_ADCEx_Calibration_Start            0x080009e0   Section        0  stm32f1xx_hal_adc_ex.o(i.HAL_ADCEx_Calibration_Start)
    i.HAL_ADC_ConfigChannel                  0x08000ab8   Section        0  stm32f1xx_hal_adc.o(i.HAL_ADC_ConfigChannel)
    i.HAL_ADC_GetValue                       0x08000bb4   Section        0  stm32f1xx_hal_adc.o(i.HAL_ADC_GetValue)
    i.HAL_ADC_Init                           0x08000bbc   Section        0  stm32f1xx_hal_adc.o(i.HAL_ADC_Init)
    i.HAL_ADC_MspInit                        0x08000cd8   Section        0  stm32f1xx_hal_msp.o(i.HAL_ADC_MspInit)
    i.HAL_ADC_PollForConversion              0x08000d30   Section        0  stm32f1xx_hal_adc.o(i.HAL_ADC_PollForConversion)
    i.HAL_ADC_Start                          0x08000e6c   Section        0  stm32f1xx_hal_adc.o(i.HAL_ADC_Start)
    i.HAL_Delay                              0x08000f2c   Section        0  stm32f1xx_hal.o(i.HAL_Delay)
    i.HAL_GPIO_Init                          0x08000f50   Section        0  stm32f1xx_hal_gpio.o(i.HAL_GPIO_Init)
    i.HAL_GPIO_ReadPin                       0x08001130   Section        0  stm32f1xx_hal_gpio.o(i.HAL_GPIO_ReadPin)
    i.HAL_GPIO_WritePin                      0x0800113a   Section        0  stm32f1xx_hal_gpio.o(i.HAL_GPIO_WritePin)
    i.HAL_GetTick                            0x08001144   Section        0  stm32f1xx_hal.o(i.HAL_GetTick)
    i.HAL_IncTick                            0x08001150   Section        0  stm32f1xx_hal.o(i.HAL_IncTick)
    i.HAL_Init                               0x08001160   Section        0  stm32f1xx_hal.o(i.HAL_Init)
    i.HAL_InitTick                           0x08001184   Section        0  stm32f1xx_hal.o(i.HAL_InitTick)
    i.HAL_MspInit                            0x080011c4   Section        0  stm32f1xx_hal_msp.o(i.HAL_MspInit)
    i.HAL_NVIC_SetPriority                   0x08001200   Section        0  stm32f1xx_hal_cortex.o(i.HAL_NVIC_SetPriority)
    i.HAL_NVIC_SetPriorityGrouping           0x08001240   Section        0  stm32f1xx_hal_cortex.o(i.HAL_NVIC_SetPriorityGrouping)
    i.HAL_RCCEx_GetPeriphCLKFreq             0x08001264   Section        0  stm32f1xx_hal_rcc_ex.o(i.HAL_RCCEx_GetPeriphCLKFreq)
    i.HAL_RCCEx_PeriphCLKConfig              0x08001308   Section        0  stm32f1xx_hal_rcc_ex.o(i.HAL_RCCEx_PeriphCLKConfig)
    i.HAL_RCC_ClockConfig                    0x080013f4   Section        0  stm32f1xx_hal_rcc.o(i.HAL_RCC_ClockConfig)
    i.HAL_RCC_GetPCLK1Freq                   0x08001520   Section        0  stm32f1xx_hal_rcc.o(i.HAL_RCC_GetPCLK1Freq)
    i.HAL_RCC_GetPCLK2Freq                   0x08001540   Section        0  stm32f1xx_hal_rcc.o(i.HAL_RCC_GetPCLK2Freq)
    i.HAL_RCC_GetSysClockFreq                0x08001560   Section        0  stm32f1xx_hal_rcc.o(i.HAL_RCC_GetSysClockFreq)
    i.HAL_RCC_OscConfig                      0x080015ac   Section        0  stm32f1xx_hal_rcc.o(i.HAL_RCC_OscConfig)
    i.HAL_SYSTICK_Config                     0x080018cc   Section        0  stm32f1xx_hal_cortex.o(i.HAL_SYSTICK_Config)
    i.HAL_TIMEx_ConfigBreakDeadTime          0x080018f4   Section        0  stm32f1xx_hal_tim_ex.o(i.HAL_TIMEx_ConfigBreakDeadTime)
    i.HAL_TIMEx_MasterConfigSynchronization  0x08001948   Section        0  stm32f1xx_hal_tim_ex.o(i.HAL_TIMEx_MasterConfigSynchronization)
    i.HAL_TIM_MspPostInit                    0x080019b0   Section        0  stm32f1xx_hal_msp.o(i.HAL_TIM_MspPostInit)
    i.HAL_TIM_PWM_ConfigChannel              0x080019fc   Section        0  stm32f1xx_hal_tim.o(i.HAL_TIM_PWM_ConfigChannel)
    i.HAL_TIM_PWM_Init                       0x08001ac8   Section        0  stm32f1xx_hal_tim.o(i.HAL_TIM_PWM_Init)
    i.HAL_TIM_PWM_MspInit                    0x08001b24   Section        0  stm32f1xx_hal_msp.o(i.HAL_TIM_PWM_MspInit)
    i.HAL_TIM_PWM_Start                      0x08001b4c   Section        0  stm32f1xx_hal_tim.o(i.HAL_TIM_PWM_Start)
    i.HAL_UART_Init                          0x08001be8   Section        0  stm32f1xx_hal_uart.o(i.HAL_UART_Init)
    i.HAL_UART_MspInit                       0x08001c4c   Section        0  stm32f1xx_hal_msp.o(i.HAL_UART_MspInit)
    i.HAL_UART_Transmit                      0x08001cbc   Section        0  stm32f1xx_hal_uart.o(i.HAL_UART_Transmit)
    i.HardFault_Handler                      0x08001d56   Section        0  stm32f1xx_it.o(i.HardFault_Handler)
    i.IIC_Pin_Init                           0x08001d58   Section        0  iic.o(i.IIC_Pin_Init)
    i.IIC_Reception_Ack                      0x08001d5c   Section        0  iic.o(i.IIC_Reception_Ack)
    i.IIC_Send_Data                          0x08001d80   Section        0  iic.o(i.IIC_Send_Data)
    i.IIC_Send_Data_Inv                      0x08001dbc   Section        0  iic.o(i.IIC_Send_Data_Inv)
    i.IIC_Start                              0x08001df8   Section        0  iic.o(i.IIC_Start)
    i.IIC_Stop                               0x08001e14   Section        0  iic.o(i.IIC_Stop)
    i.KEY_Scan                               0x08001e30   Section        0  bsp_key.o(i.KEY_Scan)
    i.MX_ADC1_Init                           0x08001ea4   Section        0  main.o(i.MX_ADC1_Init)
    MX_ADC1_Init                             0x08001ea5   Thumb Code    70  main.o(i.MX_ADC1_Init)
    i.MX_GPIO_Init                           0x08001ef4   Section        0  main.o(i.MX_GPIO_Init)
    MX_GPIO_Init                             0x08001ef5   Thumb Code   148  main.o(i.MX_GPIO_Init)
    i.MX_TIM1_Init                           0x08001f94   Section        0  main.o(i.MX_TIM1_Init)
    MX_TIM1_Init                             0x08001f95   Thumb Code   158  main.o(i.MX_TIM1_Init)
    i.MemManage_Handler                      0x0800203c   Section        0  stm32f1xx_it.o(i.MemManage_Handler)
    i.NMI_Handler                            0x0800203e   Section        0  stm32f1xx_it.o(i.NMI_Handler)
    i.OLED_Clear                             0x08002040   Section        0  oled.o(i.OLED_Clear)
    i.OLED_Send_Command                      0x08002078   Section        0  oled.o(i.OLED_Send_Command)
    i.OLED_Show_Mode                         0x0800209c   Section        0  main.o(i.OLED_Show_Mode)
    i.OLED_Show_Scale                        0x08002130   Section        0  main.o(i.OLED_Show_Scale)
    i.Oled_Address                           0x080021a8   Section        0  oled.o(i.Oled_Address)
    i.Oled_Display_Char                      0x080021cc   Section        0  oled.o(i.Oled_Display_Char)
    i.Oled_Display_Char_Inv                  0x0800221c   Section        0  oled.o(i.Oled_Display_Char_Inv)
    i.Oled_Display_Num_with_Index            0x08002280   Section        0  oled.o(i.Oled_Display_Num_with_Index)
    i.Oled_Display_String                    0x080022b8   Section        0  oled.o(i.Oled_Display_String)
    i.Oled_Init                              0x080022d8   Section        0  oled.o(i.Oled_Init)
    i.Oled_Write_Data                        0x08002396   Section        0  oled.o(i.Oled_Write_Data)
    i.Oled_Write_Data_Inv                    0x080023b8   Section        0  oled.o(i.Oled_Write_Data_Inv)
    i.PendSV_Handler                         0x080023da   Section        0  stm32f1xx_it.o(i.PendSV_Handler)
    i.SVC_Handler                            0x080023dc   Section        0  stm32f1xx_it.o(i.SVC_Handler)
    i.Set_num                                0x080023de   Section        0  main.o(i.Set_num)
    i.Shift_gears                            0x0800240c   Section        0  main.o(i.Shift_gears)
    i.SysTick_Handler                        0x080024a0   Section        0  stm32f1xx_it.o(i.SysTick_Handler)
    i.SystemClock_Config                     0x080024a4   Section        0  main.o(i.SystemClock_Config)
    i.SystemInit                             0x0800251c   Section        0  system_stm32f1xx.o(i.SystemInit)
    i.TIM_Base_SetConfig                     0x08002520   Section        0  stm32f1xx_hal_tim.o(i.TIM_Base_SetConfig)
    i.TIM_CCxChannelCmd                      0x0800258c   Section        0  stm32f1xx_hal_tim.o(i.TIM_CCxChannelCmd)
    i.TIM_OC1_SetConfig                      0x080025a8   Section        0  stm32f1xx_hal_tim.o(i.TIM_OC1_SetConfig)
    TIM_OC1_SetConfig                        0x080025a9   Thumb Code    74  stm32f1xx_hal_tim.o(i.TIM_OC1_SetConfig)
    i.TIM_OC2_SetConfig                      0x080025f8   Section        0  stm32f1xx_hal_tim.o(i.TIM_OC2_SetConfig)
    i.TIM_OC3_SetConfig                      0x08002650   Section        0  stm32f1xx_hal_tim.o(i.TIM_OC3_SetConfig)
    TIM_OC3_SetConfig                        0x08002651   Thumb Code    82  stm32f1xx_hal_tim.o(i.TIM_OC3_SetConfig)
    i.TIM_OC4_SetConfig                      0x080026a8   Section        0  stm32f1xx_hal_tim.o(i.TIM_OC4_SetConfig)
    TIM_OC4_SetConfig                        0x080026a9   Thumb Code    64  stm32f1xx_hal_tim.o(i.TIM_OC4_SetConfig)
    i.Task                                   0x080026ec   Section        0  main.o(i.Task)
    i.UART_SetConfig                         0x08002c34   Section        0  stm32f1xx_hal_uart.o(i.UART_SetConfig)
    UART_SetConfig                           0x08002c35   Thumb Code   178  stm32f1xx_hal_uart.o(i.UART_SetConfig)
    i.UART_WaitOnFlagUntilTimeout            0x08002cec   Section        0  stm32f1xx_hal_uart.o(i.UART_WaitOnFlagUntilTimeout)
    UART_WaitOnFlagUntilTimeout              0x08002ced   Thumb Code   120  stm32f1xx_hal_uart.o(i.UART_WaitOnFlagUntilTimeout)
    i.UsageFault_Handler                     0x08002d64   Section        0  stm32f1xx_it.o(i.UsageFault_Handler)
    i.__0sprintf                             0x08002d68   Section        0  printfa.o(i.__0sprintf)
    i.__NVIC_SetPriority                     0x08002d90   Section        0  stm32f1xx_hal_cortex.o(i.__NVIC_SetPriority)
    __NVIC_SetPriority                       0x08002d91   Thumb Code    32  stm32f1xx_hal_cortex.o(i.__NVIC_SetPriority)
    i.__scatterload_copy                     0x08002db0   Section       14  handlers.o(i.__scatterload_copy)
    i.__scatterload_null                     0x08002dbe   Section        2  handlers.o(i.__scatterload_null)
    i.__scatterload_zeroinit                 0x08002dc0   Section       14  handlers.o(i.__scatterload_zeroinit)
    i._fp_digits                             0x08002dd0   Section        0  printfa.o(i._fp_digits)
    _fp_digits                               0x08002dd1   Thumb Code   366  printfa.o(i._fp_digits)
    i._printf_core                           0x08002f54   Section        0  printfa.o(i._printf_core)
    _printf_core                             0x08002f55   Thumb Code  1744  printfa.o(i._printf_core)
    i._printf_post_padding                   0x08003630   Section        0  printfa.o(i._printf_post_padding)
    _printf_post_padding                     0x08003631   Thumb Code    36  printfa.o(i._printf_post_padding)
    i._printf_pre_padding                    0x08003654   Section        0  printfa.o(i._printf_pre_padding)
    _printf_pre_padding                      0x08003655   Thumb Code    46  printfa.o(i._printf_pre_padding)
    i._sputc                                 0x08003682   Section        0  printfa.o(i._sputc)
    _sputc                                   0x08003683   Thumb Code    10  printfa.o(i._sputc)
    i.average3                               0x0800368c   Section        0  main.o(i.average3)
    i.main                                   0x080036f8   Section        0  main.o(i.main)
    .constdata                               0x08003784   Section       18  stm32f1xx_hal_rcc.o(.constdata)
    aPredivFactorTable                       0x08003784   Data           2  stm32f1xx_hal_rcc.o(.constdata)
    aPLLMULFactorTable                       0x08003786   Data          16  stm32f1xx_hal_rcc.o(.constdata)
    .constdata                               0x08003796   Section       18  stm32f1xx_hal_rcc_ex.o(.constdata)
    aPredivFactorTable                       0x08003796   Data           2  stm32f1xx_hal_rcc_ex.o(.constdata)
    aPLLMULFactorTable                       0x08003798   Data          16  stm32f1xx_hal_rcc_ex.o(.constdata)
    .constdata                               0x080037a8   Section       16  system_stm32f1xx.o(.constdata)
    .constdata                               0x080037b8   Section        8  system_stm32f1xx.o(.constdata)
    .constdata                               0x080037c0   Section     1520  font.o(.constdata)
    .data                                    0x20000000   Section       88  main.o(.data)
    i                                        0x20000009   Data           1  main.o(.data)
    sum                                      0x20000038   Data           8  main.o(.data)
    .data                                    0x20000058   Section       12  stm32f1xx_hal.o(.data)
    .data                                    0x20000064   Section        4  system_stm32f1xx.o(.data)
    .bss                                     0x20000068   Section      472  main.o(.bss)
    data                                     0x20000068   Data          80  main.o(.bss)
    STACK                                    0x20000240   Section     1024  startup_stm32f103xb.o(STACK)

    Global Symbols

    Symbol Name                              Value     Ov Type        Size  Object(Section)

    BuildAttributes$$THM_ISAv4$P$D$K$B$S$PE$A:L22UL41UL21$X:L11$S22US41US21$IEEE1$IW$USESV6$~STKCKD$USESV7$~SHL$OSPACE$ROPI$EBA8$MICROLIB$REQ8$PRES8$EABIv2 0x00000000   Number         0  anon$$obj.o ABSOLUTE
    __ARM_use_no_argv                        0x00000000   Number         0  main.o ABSOLUTE
    _printf_a                                0x00000000   Number         0  stubs.o ABSOLUTE
    _printf_c                                0x00000000   Number         0  stubs.o ABSOLUTE
    _printf_charcount                        0x00000000   Number         0  stubs.o ABSOLUTE
    _printf_d                                0x00000000   Number         0  stubs.o ABSOLUTE
    _printf_e                                0x00000000   Number         0  stubs.o ABSOLUTE
    _printf_f                                0x00000000   Number         0  stubs.o ABSOLUTE
    _printf_flags                            0x00000000   Number         0  stubs.o ABSOLUTE
    _printf_fp_dec                           0x00000000   Number         0  stubs.o ABSOLUTE
    _printf_fp_hex                           0x00000000   Number         0  stubs.o ABSOLUTE
    _printf_g                                0x00000000   Number         0  stubs.o ABSOLUTE
    _printf_i                                0x00000000   Number         0  stubs.o ABSOLUTE
    _printf_int_dec                          0x00000000   Number         0  stubs.o ABSOLUTE
    _printf_l                                0x00000000   Number         0  stubs.o ABSOLUTE
    _printf_lc                               0x00000000   Number         0  stubs.o ABSOLUTE
    _printf_ll                               0x00000000   Number         0  stubs.o ABSOLUTE
    _printf_lld                              0x00000000   Number         0  stubs.o ABSOLUTE
    _printf_lli                              0x00000000   Number         0  stubs.o ABSOLUTE
    _printf_llo                              0x00000000   Number         0  stubs.o ABSOLUTE
    _printf_llu                              0x00000000   Number         0  stubs.o ABSOLUTE
    _printf_llx                              0x00000000   Number         0  stubs.o ABSOLUTE
    _printf_longlong_dec                     0x00000000   Number         0  stubs.o ABSOLUTE
    _printf_longlong_hex                     0x00000000   Number         0  stubs.o ABSOLUTE
    _printf_longlong_oct                     0x00000000   Number         0  stubs.o ABSOLUTE
    _printf_ls                               0x00000000   Number         0  stubs.o ABSOLUTE
    _printf_mbtowc                           0x00000000   Number         0  stubs.o ABSOLUTE
    _printf_n                                0x00000000   Number         0  stubs.o ABSOLUTE
    _printf_o                                0x00000000   Number         0  stubs.o ABSOLUTE
    _printf_p                                0x00000000   Number         0  stubs.o ABSOLUTE
    _printf_percent                          0x00000000   Number         0  stubs.o ABSOLUTE
    _printf_pre_padding                      0x00000000   Number         0  stubs.o ABSOLUTE
    _printf_return_value                     0x00000000   Number         0  stubs.o ABSOLUTE
    _printf_s                                0x00000000   Number         0  stubs.o ABSOLUTE
    _printf_sizespec                         0x00000000   Number         0  stubs.o ABSOLUTE
    _printf_str                              0x00000000   Number         0  stubs.o ABSOLUTE
    _printf_truncate_signed                  0x00000000   Number         0  stubs.o ABSOLUTE
    _printf_truncate_unsigned                0x00000000   Number         0  stubs.o ABSOLUTE
    _printf_u                                0x00000000   Number         0  stubs.o ABSOLUTE
    _printf_wc                               0x00000000   Number         0  stubs.o ABSOLUTE
    _printf_wctomb                           0x00000000   Number         0  stubs.o ABSOLUTE
    _printf_widthprec                        0x00000000   Number         0  stubs.o ABSOLUTE
    _printf_x                                0x00000000   Number         0  stubs.o ABSOLUTE
    __cpp_initialize__aeabi_                  - Undefined Weak Reference
    __cxa_finalize                            - Undefined Weak Reference
    __decompress                              - Undefined Weak Reference
    _clock_init                               - Undefined Weak Reference
    _microlib_exit                            - Undefined Weak Reference
    __Vectors_Size                           0x000000ec   Number         0  startup_stm32f103xb.o ABSOLUTE
    __Vectors                                0x08000000   Data           4  startup_stm32f103xb.o(RESET)
    __Vectors_End                            0x080000ec   Data           0  startup_stm32f103xb.o(RESET)
    __main                                   0x080000ed   Thumb Code     0  entry.o(.ARM.Collect$$$$00000000)
    _main_stk                                0x080000ed   Thumb Code     0  entry2.o(.ARM.Collect$$$$00000001)
    _main_scatterload                        0x080000f1   Thumb Code     0  entry5.o(.ARM.Collect$$$$00000004)
    __main_after_scatterload                 0x080000f5   Thumb Code     0  entry5.o(.ARM.Collect$$$$00000004)
    _main_clock                              0x080000f5   Thumb Code     0  entry7b.o(.ARM.Collect$$$$00000008)
    _main_cpp_init                           0x080000f5   Thumb Code     0  entry8b.o(.ARM.Collect$$$$0000000A)
    _main_init                               0x080000f5   Thumb Code     0  entry9a.o(.ARM.Collect$$$$0000000B)
    __rt_final_cpp                           0x080000fd   Thumb Code     0  entry10a.o(.ARM.Collect$$$$0000000D)
    __rt_final_exit                          0x080000fd   Thumb Code     0  entry11a.o(.ARM.Collect$$$$0000000F)
    Reset_Handler                            0x08000101   Thumb Code     8  startup_stm32f103xb.o(.text)
    ADC1_2_IRQHandler                        0x0800011b   Thumb Code     0  startup_stm32f103xb.o(.text)
    CAN1_RX1_IRQHandler                      0x0800011b   Thumb Code     0  startup_stm32f103xb.o(.text)
    CAN1_SCE_IRQHandler                      0x0800011b   Thumb Code     0  startup_stm32f103xb.o(.text)
    DMA1_Channel1_IRQHandler                 0x0800011b   Thumb Code     0  startup_stm32f103xb.o(.text)
    DMA1_Channel2_IRQHandler                 0x0800011b   Thumb Code     0  startup_stm32f103xb.o(.text)
    DMA1_Channel3_IRQHandler                 0x0800011b   Thumb Code     0  startup_stm32f103xb.o(.text)
    DMA1_Channel4_IRQHandler                 0x0800011b   Thumb Code     0  startup_stm32f103xb.o(.text)
    DMA1_Channel5_IRQHandler                 0x0800011b   Thumb Code     0  startup_stm32f103xb.o(.text)
    DMA1_Channel6_IRQHandler                 0x0800011b   Thumb Code     0  startup_stm32f103xb.o(.text)
    DMA1_Channel7_IRQHandler                 0x0800011b   Thumb Code     0  startup_stm32f103xb.o(.text)
    EXTI0_IRQHandler                         0x0800011b   Thumb Code     0  startup_stm32f103xb.o(.text)
    EXTI15_10_IRQHandler                     0x0800011b   Thumb Code     0  startup_stm32f103xb.o(.text)
    EXTI1_IRQHandler                         0x0800011b   Thumb Code     0  startup_stm32f103xb.o(.text)
    EXTI2_IRQHandler                         0x0800011b   Thumb Code     0  startup_stm32f103xb.o(.text)
    EXTI3_IRQHandler                         0x0800011b   Thumb Code     0  startup_stm32f103xb.o(.text)
    EXTI4_IRQHandler                         0x0800011b   Thumb Code     0  startup_stm32f103xb.o(.text)
    EXTI9_5_IRQHandler                       0x0800011b   Thumb Code     0  startup_stm32f103xb.o(.text)
    FLASH_IRQHandler                         0x0800011b   Thumb Code     0  startup_stm32f103xb.o(.text)
    I2C1_ER_IRQHandler                       0x0800011b   Thumb Code     0  startup_stm32f103xb.o(.text)
    I2C1_EV_IRQHandler                       0x0800011b   Thumb Code     0  startup_stm32f103xb.o(.text)
    I2C2_ER_IRQHandler                       0x0800011b   Thumb Code     0  startup_stm32f103xb.o(.text)
    I2C2_EV_IRQHandler                       0x0800011b   Thumb Code     0  startup_stm32f103xb.o(.text)
    PVD_IRQHandler                           0x0800011b   Thumb Code     0  startup_stm32f103xb.o(.text)
    RCC_IRQHandler                           0x0800011b   Thumb Code     0  startup_stm32f103xb.o(.text)
    RTC_Alarm_IRQHandler                     0x0800011b   Thumb Code     0  startup_stm32f103xb.o(.text)
    RTC_IRQHandler                           0x0800011b   Thumb Code     0  startup_stm32f103xb.o(.text)
    SPI1_IRQHandler                          0x0800011b   Thumb Code     0  startup_stm32f103xb.o(.text)
    SPI2_IRQHandler                          0x0800011b   Thumb Code     0  startup_stm32f103xb.o(.text)
    TAMPER_IRQHandler                        0x0800011b   Thumb Code     0  startup_stm32f103xb.o(.text)
    TIM1_BRK_IRQHandler                      0x0800011b   Thumb Code     0  startup_stm32f103xb.o(.text)
    TIM1_CC_IRQHandler                       0x0800011b   Thumb Code     0  startup_stm32f103xb.o(.text)
    TIM1_TRG_COM_IRQHandler                  0x0800011b   Thumb Code     0  startup_stm32f103xb.o(.text)
    TIM1_UP_IRQHandler                       0x0800011b   Thumb Code     0  startup_stm32f103xb.o(.text)
    TIM2_IRQHandler                          0x0800011b   Thumb Code     0  startup_stm32f103xb.o(.text)
    TIM3_IRQHandler                          0x0800011b   Thumb Code     0  startup_stm32f103xb.o(.text)
    TIM4_IRQHandler                          0x0800011b   Thumb Code     0  startup_stm32f103xb.o(.text)
    USART1_IRQHandler                        0x0800011b   Thumb Code     0  startup_stm32f103xb.o(.text)
    USART2_IRQHandler                        0x0800011b   Thumb Code     0  startup_stm32f103xb.o(.text)
    USART3_IRQHandler                        0x0800011b   Thumb Code     0  startup_stm32f103xb.o(.text)
    USBWakeUp_IRQHandler                     0x0800011b   Thumb Code     0  startup_stm32f103xb.o(.text)
    USB_HP_CAN1_TX_IRQHandler                0x0800011b   Thumb Code     0  startup_stm32f103xb.o(.text)
    USB_LP_CAN1_RX0_IRQHandler               0x0800011b   Thumb Code     0  startup_stm32f103xb.o(.text)
    WWDG_IRQHandler                          0x0800011b   Thumb Code     0  startup_stm32f103xb.o(.text)
    __aeabi_llsr                             0x08000125   Thumb Code    32  llushr.o(.text)
    _ll_ushift_r                             0x08000125   Thumb Code     0  llushr.o(.text)
    __aeabi_memset                           0x08000145   Thumb Code    14  memseta.o(.text)
    __aeabi_memset4                          0x08000145   Thumb Code     0  memseta.o(.text)
    __aeabi_memset8                          0x08000145   Thumb Code     0  memseta.o(.text)
    __aeabi_memclr                           0x08000153   Thumb Code     4  memseta.o(.text)
    __aeabi_memclr4                          0x08000153   Thumb Code     0  memseta.o(.text)
    __aeabi_memclr8                          0x08000153   Thumb Code     0  memseta.o(.text)
    _memset$wrapper                          0x08000157   Thumb Code    18  memseta.o(.text)
    strlen                                   0x08000169   Thumb Code    14  strlen.o(.text)
    __aeabi_dadd                             0x08000177   Thumb Code   322  dadd.o(.text)
    __aeabi_dsub                             0x080002b9   Thumb Code     6  dadd.o(.text)
    __aeabi_drsub                            0x080002bf   Thumb Code     6  dadd.o(.text)
    __aeabi_dmul                             0x080002c5   Thumb Code   228  dmul.o(.text)
    __aeabi_ddiv                             0x080003a9   Thumb Code   222  ddiv.o(.text)
    __aeabi_i2d                              0x08000487   Thumb Code    34  dflti.o(.text)
    __aeabi_ui2d                             0x080004a9   Thumb Code    26  dfltui.o(.text)
    __aeabi_d2uiz                            0x080004c3   Thumb Code    50  dfixui.o(.text)
    __aeabi_cdcmpeq                          0x080004f5   Thumb Code     0  cdcmple.o(.text)
    __aeabi_cdcmple                          0x080004f5   Thumb Code    48  cdcmple.o(.text)
    __aeabi_cdrcmple                         0x08000525   Thumb Code    48  cdrcmple.o(.text)
    __aeabi_uidiv                            0x08000555   Thumb Code     0  uidiv.o(.text)
    __aeabi_uidivmod                         0x08000555   Thumb Code    44  uidiv.o(.text)
    __aeabi_uldivmod                         0x08000581   Thumb Code    98  uldiv.o(.text)
    __aeabi_llsl                             0x080005e3   Thumb Code    30  llshl.o(.text)
    _ll_shift_l                              0x080005e3   Thumb Code     0  llshl.o(.text)
    __aeabi_lasr                             0x08000601   Thumb Code    36  llsshr.o(.text)
    _ll_sshift_r                             0x08000601   Thumb Code     0  llsshr.o(.text)
    __I$use$fp                               0x08000625   Thumb Code     0  iusefp.o(.text)
    _double_round                            0x08000625   Thumb Code    30  depilogue.o(.text)
    _double_epilogue                         0x08000643   Thumb Code   156  depilogue.o(.text)
    __aeabi_d2ulz                            0x080006df   Thumb Code    48  dfixul.o(.text)
    __scatterload                            0x08000711   Thumb Code    28  init.o(.text)
    __scatterload_rt2                        0x08000711   Thumb Code     0  init.o(.text)
    ADC_ConversionStop_Disable               0x08000735   Thumb Code    86  stm32f1xx_hal_adc.o(i.ADC_ConversionStop_Disable)
    ADC_Enable                               0x0800078d   Thumb Code   114  stm32f1xx_hal_adc.o(i.ADC_Enable)
    BusFault_Handler                         0x08000809   Thumb Code     2  stm32f1xx_it.o(i.BusFault_Handler)
    DebugMon_Handler                         0x0800080b   Thumb Code     2  stm32f1xx_it.o(i.DebugMon_Handler)
    Get_And_Show_Rd                          0x0800080d   Thumb Code   184  main.o(i.Get_And_Show_Rd)
    Get_R                                    0x08000935   Thumb Code   144  main.o(i.Get_R)
    HAL_ADCEx_Calibration_Start              0x080009e1   Thumb Code   210  stm32f1xx_hal_adc_ex.o(i.HAL_ADCEx_Calibration_Start)
    HAL_ADC_ConfigChannel                    0x08000ab9   Thumb Code   240  stm32f1xx_hal_adc.o(i.HAL_ADC_ConfigChannel)
    HAL_ADC_GetValue                         0x08000bb5   Thumb Code     6  stm32f1xx_hal_adc.o(i.HAL_ADC_GetValue)
    HAL_ADC_Init                             0x08000bbd   Thumb Code   272  stm32f1xx_hal_adc.o(i.HAL_ADC_Init)
    HAL_ADC_MspInit                          0x08000cd9   Thumb Code    76  stm32f1xx_hal_msp.o(i.HAL_ADC_MspInit)
    HAL_ADC_PollForConversion                0x08000d31   Thumb Code   304  stm32f1xx_hal_adc.o(i.HAL_ADC_PollForConversion)
    HAL_ADC_Start                            0x08000e6d   Thumb Code   184  stm32f1xx_hal_adc.o(i.HAL_ADC_Start)
    HAL_Delay                                0x08000f2d   Thumb Code    32  stm32f1xx_hal.o(i.HAL_Delay)
    HAL_GPIO_Init                            0x08000f51   Thumb Code   446  stm32f1xx_hal_gpio.o(i.HAL_GPIO_Init)
    HAL_GPIO_ReadPin                         0x08001131   Thumb Code    10  stm32f1xx_hal_gpio.o(i.HAL_GPIO_ReadPin)
    HAL_GPIO_WritePin                        0x0800113b   Thumb Code    10  stm32f1xx_hal_gpio.o(i.HAL_GPIO_WritePin)
    HAL_GetTick                              0x08001145   Thumb Code     6  stm32f1xx_hal.o(i.HAL_GetTick)
    HAL_IncTick                              0x08001151   Thumb Code    12  stm32f1xx_hal.o(i.HAL_IncTick)
    HAL_Init                                 0x08001161   Thumb Code    32  stm32f1xx_hal.o(i.HAL_Init)
    HAL_InitTick                             0x08001185   Thumb Code    54  stm32f1xx_hal.o(i.HAL_InitTick)
    HAL_MspInit                              0x080011c5   Thumb Code    52  stm32f1xx_hal_msp.o(i.HAL_MspInit)
    HAL_NVIC_SetPriority                     0x08001201   Thumb Code    60  stm32f1xx_hal_cortex.o(i.HAL_NVIC_SetPriority)
    HAL_NVIC_SetPriorityGrouping             0x08001241   Thumb Code    26  stm32f1xx_hal_cortex.o(i.HAL_NVIC_SetPriorityGrouping)
    HAL_RCCEx_GetPeriphCLKFreq               0x08001265   Thumb Code   148  stm32f1xx_hal_rcc_ex.o(i.HAL_RCCEx_GetPeriphCLKFreq)
    HAL_RCCEx_PeriphCLKConfig                0x08001309   Thumb Code   224  stm32f1xx_hal_rcc_ex.o(i.HAL_RCCEx_PeriphCLKConfig)
    HAL_RCC_ClockConfig                      0x080013f5   Thumb Code   280  stm32f1xx_hal_rcc.o(i.HAL_RCC_ClockConfig)
    HAL_RCC_GetPCLK1Freq                     0x08001521   Thumb Code    20  stm32f1xx_hal_rcc.o(i.HAL_RCC_GetPCLK1Freq)
    HAL_RCC_GetPCLK2Freq                     0x08001541   Thumb Code    20  stm32f1xx_hal_rcc.o(i.HAL_RCC_GetPCLK2Freq)
    HAL_RCC_GetSysClockFreq                  0x08001561   Thumb Code    58  stm32f1xx_hal_rcc.o(i.HAL_RCC_GetSysClockFreq)
    HAL_RCC_OscConfig                        0x080015ad   Thumb Code   778  stm32f1xx_hal_rcc.o(i.HAL_RCC_OscConfig)
    HAL_SYSTICK_Config                       0x080018cd   Thumb Code    40  stm32f1xx_hal_cortex.o(i.HAL_SYSTICK_Config)
    HAL_TIMEx_ConfigBreakDeadTime            0x080018f5   Thumb Code    84  stm32f1xx_hal_tim_ex.o(i.HAL_TIMEx_ConfigBreakDeadTime)
    HAL_TIMEx_MasterConfigSynchronization    0x08001949   Thumb Code    92  stm32f1xx_hal_tim_ex.o(i.HAL_TIMEx_MasterConfigSynchronization)
    HAL_TIM_MspPostInit                      0x080019b1   Thumb Code    64  stm32f1xx_hal_msp.o(i.HAL_TIM_MspPostInit)
    HAL_TIM_PWM_ConfigChannel                0x080019fd   Thumb Code   204  stm32f1xx_hal_tim.o(i.HAL_TIM_PWM_ConfigChannel)
    HAL_TIM_PWM_Init                         0x08001ac9   Thumb Code    90  stm32f1xx_hal_tim.o(i.HAL_TIM_PWM_Init)
    HAL_TIM_PWM_MspInit                      0x08001b25   Thumb Code    30  stm32f1xx_hal_msp.o(i.HAL_TIM_PWM_MspInit)
    HAL_TIM_PWM_Start                        0x08001b4d   Thumb Code   144  stm32f1xx_hal_tim.o(i.HAL_TIM_PWM_Start)
    HAL_UART_Init                            0x08001be9   Thumb Code   100  stm32f1xx_hal_uart.o(i.HAL_UART_Init)
    HAL_UART_MspInit                         0x08001c4d   Thumb Code   100  stm32f1xx_hal_msp.o(i.HAL_UART_MspInit)
    HAL_UART_Transmit                        0x08001cbd   Thumb Code   154  stm32f1xx_hal_uart.o(i.HAL_UART_Transmit)
    HardFault_Handler                        0x08001d57   Thumb Code     2  stm32f1xx_it.o(i.HardFault_Handler)
    IIC_Pin_Init                             0x08001d59   Thumb Code     2  iic.o(i.IIC_Pin_Init)
    IIC_Reception_Ack                        0x08001d5d   Thumb Code    30  iic.o(i.IIC_Reception_Ack)
    IIC_Send_Data                            0x08001d81   Thumb Code    56  iic.o(i.IIC_Send_Data)
    IIC_Send_Data_Inv                        0x08001dbd   Thumb Code    56  iic.o(i.IIC_Send_Data_Inv)
    IIC_Start                                0x08001df9   Thumb Code    24  iic.o(i.IIC_Start)
    IIC_Stop                                 0x08001e15   Thumb Code    24  iic.o(i.IIC_Stop)
    KEY_Scan                                 0x08001e31   Thumb Code   110  bsp_key.o(i.KEY_Scan)
    MemManage_Handler                        0x0800203d   Thumb Code     2  stm32f1xx_it.o(i.MemManage_Handler)
    NMI_Handler                              0x0800203f   Thumb Code     2  stm32f1xx_it.o(i.NMI_Handler)
    OLED_Clear                               0x08002041   Thumb Code    56  oled.o(i.OLED_Clear)
    OLED_Send_Command                        0x08002079   Thumb Code    34  oled.o(i.OLED_Send_Command)
    OLED_Show_Mode                           0x0800209d   Thumb Code    46  main.o(i.OLED_Show_Mode)
    OLED_Show_Scale                          0x08002131   Thumb Code    40  main.o(i.OLED_Show_Scale)
    Oled_Address                             0x080021a9   Thumb Code    34  oled.o(i.Oled_Address)
    Oled_Display_Char                        0x080021cd   Thumb Code    76  oled.o(i.Oled_Display_Char)
    Oled_Display_Char_Inv                    0x0800221d   Thumb Code    96  oled.o(i.Oled_Display_Char_Inv)
    Oled_Display_Num_with_Index              0x08002281   Thumb Code    56  oled.o(i.Oled_Display_Num_with_Index)
    Oled_Display_String                      0x080022b9   Thumb Code    32  oled.o(i.Oled_Display_String)
    Oled_Init                                0x080022d9   Thumb Code   190  oled.o(i.Oled_Init)
    Oled_Write_Data                          0x08002397   Thumb Code    34  oled.o(i.Oled_Write_Data)
    Oled_Write_Data_Inv                      0x080023b9   Thumb Code    34  oled.o(i.Oled_Write_Data_Inv)
    PendSV_Handler                           0x080023db   Thumb Code     2  stm32f1xx_it.o(i.PendSV_Handler)
    SVC_Handler                              0x080023dd   Thumb Code     2  stm32f1xx_it.o(i.SVC_Handler)
    Set_num                                  0x080023df   Thumb Code    44  main.o(i.Set_num)
    Shift_gears                              0x0800240d   Thumb Code   144  main.o(i.Shift_gears)
    SysTick_Handler                          0x080024a1   Thumb Code     4  stm32f1xx_it.o(i.SysTick_Handler)
    SystemClock_Config                       0x080024a5   Thumb Code   120  main.o(i.SystemClock_Config)
    SystemInit                               0x0800251d   Thumb Code     2  system_stm32f1xx.o(i.SystemInit)
    TIM_Base_SetConfig                       0x08002521   Thumb Code    94  stm32f1xx_hal_tim.o(i.TIM_Base_SetConfig)
    TIM_CCxChannelCmd                        0x0800258d   Thumb Code    26  stm32f1xx_hal_tim.o(i.TIM_CCxChannelCmd)
    TIM_OC2_SetConfig                        0x080025f9   Thumb Code    84  stm32f1xx_hal_tim.o(i.TIM_OC2_SetConfig)
    Task                                     0x080026ed   Thumb Code  1328  main.o(i.Task)
    UsageFault_Handler                       0x08002d65   Thumb Code     2  stm32f1xx_it.o(i.UsageFault_Handler)
    __0sprintf                               0x08002d69   Thumb Code    34  printfa.o(i.__0sprintf)
    __1sprintf                               0x08002d69   Thumb Code     0  printfa.o(i.__0sprintf)
    __2sprintf                               0x08002d69   Thumb Code     0  printfa.o(i.__0sprintf)
    __c89sprintf                             0x08002d69   Thumb Code     0  printfa.o(i.__0sprintf)
    sprintf                                  0x08002d69   Thumb Code     0  printfa.o(i.__0sprintf)
    __scatterload_copy                       0x08002db1   Thumb Code    14  handlers.o(i.__scatterload_copy)
    __scatterload_null                       0x08002dbf   Thumb Code     2  handlers.o(i.__scatterload_null)
    __scatterload_zeroinit                   0x08002dc1   Thumb Code    14  handlers.o(i.__scatterload_zeroinit)
    average3                                 0x0800368d   Thumb Code    96  main.o(i.average3)
    main                                     0x080036f9   Thumb Code   126  main.o(i.main)
    AHBPrescTable                            0x080037a8   Data          16  system_stm32f1xx.o(.constdata)
    APBPrescTable                            0x080037b8   Data           8  system_stm32f1xx.o(.constdata)
    Aciss_8X16                               0x080037c0   Data        1520  font.o(.constdata)
    Region$$Table$$Base                      0x08003db0   Number         0  anon$$obj.o(Region$$Table)
    Region$$Table$$Limit                     0x08003dd0   Number         0  anon$$obj.o(Region$$Table)
    shift                                    0x20000000   Data           1  main.o(.data)
    mode                                     0x20000001   Data           1  main.o(.data)
    angle_direction                          0x20000002   Data           1  main.o(.data)
    update_flag                              0x20000003   Data           1  main.o(.data)
    update_flag1                             0x20000004   Data           1  main.o(.data)
    mode_change_flag                         0x20000005   Data           1  main.o(.data)
    index_goal                               0x20000006   Data           1  main.o(.data)
    index_error                              0x20000007   Data           1  main.o(.data)
    num                                      0x20000008   Data           1  main.o(.data)
    adc_value                                0x2000000a   Data           2  main.o(.data)
    angle_count                              0x2000000c   Data           4  main.o(.data)
    dat_AD                                   0x20000010   Data           8  main.o(.data)
    R                                        0x20000018   Data           8  main.o(.data)
    R_goal                                   0x20000020   Data           8  main.o(.data)
    R_error                                  0x20000028   Data           8  main.o(.data)
    Rd                                       0x20000030   Data           8  main.o(.data)
    angle                                    0x20000040   Data           8  main.o(.data)
    goal                                     0x20000048   Data           8  main.o(.data)
    error                                    0x20000050   Data           8  main.o(.data)
    uwTickFreq                               0x20000058   Data           1  stm32f1xx_hal.o(.data)
    uwTickPrio                               0x2000005c   Data           4  stm32f1xx_hal.o(.data)
    uwTick                                   0x20000060   Data           4  stm32f1xx_hal.o(.data)
    SystemCoreClock                          0x20000064   Data           4  system_stm32f1xx.o(.data)
    oled_buf                                 0x200000b8   Data          16  main.o(.bss)
    temp                                     0x200000c8   Data          64  main.o(.bss)
    hadc1                                    0x20000108   Data          48  main.o(.bss)
    htim1                                    0x20000138   Data          72  main.o(.bss)
    huart1                                   0x20000180   Data          72  main.o(.bss)
    v_data                                   0x200001c8   Data         120  main.o(.bss)
    __initial_sp                             0x20000640   Data           0  startup_stm32f103xb.o(STACK)



==============================================================================

Memory Map of the image

  Image Entry point : 0x080000ed

  Load Region LR_IROM1 (Base: 0x08000000, Size: 0x00003e38, Max: 0x00010000, ABSOLUTE)

    Execution Region ER_IROM1 (Exec base: 0x08000000, Load base: 0x08000000, Size: 0x00003dd0, Max: 0x00010000, ABSOLUTE)

    Exec Addr    Load Addr    Size         Type   Attr      Idx    E Section Name        Object

    0x08000000   0x08000000   0x000000ec   Data   RO            3    RESET               startup_stm32f103xb.o
    0x080000ec   0x080000ec   0x00000000   Code   RO         3295  * .ARM.Collect$$$$00000000  mc_w.l(entry.o)
    0x080000ec   0x080000ec   0x00000004   Code   RO         3583    .ARM.Collect$$$$00000001  mc_w.l(entry2.o)
    0x080000f0   0x080000f0   0x00000004   Code   RO         3586    .ARM.Collect$$$$00000004  mc_w.l(entry5.o)
    0x080000f4   0x080000f4   0x00000000   Code   RO         3588    .ARM.Collect$$$$00000008  mc_w.l(entry7b.o)
    0x080000f4   0x080000f4   0x00000000   Code   RO         3590    .ARM.Collect$$$$0000000A  mc_w.l(entry8b.o)
    0x080000f4   0x080000f4   0x00000008   Code   RO         3591    .ARM.Collect$$$$0000000B  mc_w.l(entry9a.o)
    0x080000fc   0x080000fc   0x00000000   Code   RO         3593    .ARM.Collect$$$$0000000D  mc_w.l(entry10a.o)
    0x080000fc   0x080000fc   0x00000000   Code   RO         3595    .ARM.Collect$$$$0000000F  mc_w.l(entry11a.o)
    0x080000fc   0x080000fc   0x00000004   Code   RO         3584    .ARM.Collect$$$$00002712  mc_w.l(entry2.o)
    0x08000100   0x08000100   0x00000024   Code   RO            4    .text               startup_stm32f103xb.o
    0x08000124   0x08000124   0x00000020   Code   RO         3298    .text               mc_w.l(llushr.o)
    0x08000144   0x08000144   0x00000024   Code   RO         3300    .text               mc_w.l(memseta.o)
    0x08000168   0x08000168   0x0000000e   Code   RO         3302    .text               mc_w.l(strlen.o)
    0x08000176   0x08000176   0x0000014e   Code   RO         3565    .text               mf_w.l(dadd.o)
    0x080002c4   0x080002c4   0x000000e4   Code   RO         3567    .text               mf_w.l(dmul.o)
    0x080003a8   0x080003a8   0x000000de   Code   RO         3569    .text               mf_w.l(ddiv.o)
    0x08000486   0x08000486   0x00000022   Code   RO         3571    .text               mf_w.l(dflti.o)
    0x080004a8   0x080004a8   0x0000001a   Code   RO         3573    .text               mf_w.l(dfltui.o)
    0x080004c2   0x080004c2   0x00000032   Code   RO         3577    .text               mf_w.l(dfixui.o)
    0x080004f4   0x080004f4   0x00000030   Code   RO         3579    .text               mf_w.l(cdcmple.o)
    0x08000524   0x08000524   0x00000030   Code   RO         3581    .text               mf_w.l(cdrcmple.o)
    0x08000554   0x08000554   0x0000002c   Code   RO         3600    .text               mc_w.l(uidiv.o)
    0x08000580   0x08000580   0x00000062   Code   RO         3602    .text               mc_w.l(uldiv.o)
    0x080005e2   0x080005e2   0x0000001e   Code   RO         3604    .text               mc_w.l(llshl.o)
    0x08000600   0x08000600   0x00000024   Code   RO         3606    .text               mc_w.l(llsshr.o)
    0x08000624   0x08000624   0x00000000   Code   RO         3608    .text               mc_w.l(iusefp.o)
    0x08000624   0x08000624   0x000000ba   Code   RO         3609    .text               mf_w.l(depilogue.o)
    0x080006de   0x080006de   0x00000030   Code   RO         3611    .text               mf_w.l(dfixul.o)
    0x0800070e   0x0800070e   0x00000002   PAD
    0x08000710   0x08000710   0x00000024   Code   RO         3613    .text               mc_w.l(init.o)
    0x08000734   0x08000734   0x00000056   Code   RO          423    i.ADC_ConversionStop_Disable  stm32f1xx_hal_adc.o
    0x0800078a   0x0800078a   0x00000002   PAD
    0x0800078c   0x0800078c   0x0000007c   Code   RO          427    i.ADC_Enable        stm32f1xx_hal_adc.o
    0x08000808   0x08000808   0x00000002   Code   RO          246    i.BusFault_Handler  stm32f1xx_it.o
    0x0800080a   0x0800080a   0x00000002   Code   RO          247    i.DebugMon_Handler  stm32f1xx_it.o
    0x0800080c   0x0800080c   0x00000128   Code   RO           14    i.Get_And_Show_Rd   main.o
    0x08000934   0x08000934   0x000000ac   Code   RO           15    i.Get_R             main.o
    0x080009e0   0x080009e0   0x000000d8   Code   RO          603    i.HAL_ADCEx_Calibration_Start  stm32f1xx_hal_adc_ex.o
    0x08000ab8   0x08000ab8   0x000000fc   Code   RO          429    i.HAL_ADC_ConfigChannel  stm32f1xx_hal_adc.o
    0x08000bb4   0x08000bb4   0x00000006   Code   RO          436    i.HAL_ADC_GetValue  stm32f1xx_hal_adc.o
    0x08000bba   0x08000bba   0x00000002   PAD
    0x08000bbc   0x08000bbc   0x0000011c   Code   RO          438    i.HAL_ADC_Init      stm32f1xx_hal_adc.o
    0x08000cd8   0x08000cd8   0x00000058   Code   RO          322    i.HAL_ADC_MspInit   stm32f1xx_hal_msp.o
    0x08000d30   0x08000d30   0x0000013c   Code   RO          442    i.HAL_ADC_PollForConversion  stm32f1xx_hal_adc.o
    0x08000e6c   0x08000e6c   0x000000c0   Code   RO          444    i.HAL_ADC_Start     stm32f1xx_hal_adc.o
    0x08000f2c   0x08000f2c   0x00000024   Code   RO          706    i.HAL_Delay         stm32f1xx_hal.o
    0x08000f50   0x08000f50   0x000001e0   Code   RO         1016    i.HAL_GPIO_Init     stm32f1xx_hal_gpio.o
    0x08001130   0x08001130   0x0000000a   Code   RO         1018    i.HAL_GPIO_ReadPin  stm32f1xx_hal_gpio.o
    0x0800113a   0x0800113a   0x0000000a   Code   RO         1020    i.HAL_GPIO_WritePin  stm32f1xx_hal_gpio.o
    0x08001144   0x08001144   0x0000000c   Code   RO          710    i.HAL_GetTick       stm32f1xx_hal.o
    0x08001150   0x08001150   0x00000010   Code   RO          716    i.HAL_IncTick       stm32f1xx_hal.o
    0x08001160   0x08001160   0x00000024   Code   RO          717    i.HAL_Init          stm32f1xx_hal.o
    0x08001184   0x08001184   0x00000040   Code   RO          718    i.HAL_InitTick      stm32f1xx_hal.o
    0x080011c4   0x080011c4   0x0000003c   Code   RO          323    i.HAL_MspInit       stm32f1xx_hal_msp.o
    0x08001200   0x08001200   0x00000040   Code   RO         1182    i.HAL_NVIC_SetPriority  stm32f1xx_hal_cortex.o
    0x08001240   0x08001240   0x00000024   Code   RO         1183    i.HAL_NVIC_SetPriorityGrouping  stm32f1xx_hal_cortex.o
    0x08001264   0x08001264   0x000000a4   Code   RO          977    i.HAL_RCCEx_GetPeriphCLKFreq  stm32f1xx_hal_rcc_ex.o
    0x08001308   0x08001308   0x000000ec   Code   RO          978    i.HAL_RCCEx_PeriphCLKConfig  stm32f1xx_hal_rcc_ex.o
    0x080013f4   0x080013f4   0x0000012c   Code   RO          874    i.HAL_RCC_ClockConfig  stm32f1xx_hal_rcc.o
    0x08001520   0x08001520   0x00000020   Code   RO          881    i.HAL_RCC_GetPCLK1Freq  stm32f1xx_hal_rcc.o
    0x08001540   0x08001540   0x00000020   Code   RO          882    i.HAL_RCC_GetPCLK2Freq  stm32f1xx_hal_rcc.o
    0x08001560   0x08001560   0x0000004c   Code   RO          883    i.HAL_RCC_GetSysClockFreq  stm32f1xx_hal_rcc.o
    0x080015ac   0x080015ac   0x00000320   Code   RO          886    i.HAL_RCC_OscConfig  stm32f1xx_hal_rcc.o
    0x080018cc   0x080018cc   0x00000028   Code   RO         1187    i.HAL_SYSTICK_Config  stm32f1xx_hal_cortex.o
    0x080018f4   0x080018f4   0x00000054   Code   RO         2385    i.HAL_TIMEx_ConfigBreakDeadTime  stm32f1xx_hal_tim_ex.o
    0x08001948   0x08001948   0x00000068   Code   RO         2401    i.HAL_TIMEx_MasterConfigSynchronization  stm32f1xx_hal_tim_ex.o
    0x080019b0   0x080019b0   0x0000004c   Code   RO          324    i.HAL_TIM_MspPostInit  stm32f1xx_hal_msp.o
    0x080019fc   0x080019fc   0x000000cc   Code   RO         1750    i.HAL_TIM_PWM_ConfigChannel  stm32f1xx_hal_tim.o
    0x08001ac8   0x08001ac8   0x0000005a   Code   RO         1753    i.HAL_TIM_PWM_Init  stm32f1xx_hal_tim.o
    0x08001b22   0x08001b22   0x00000002   PAD
    0x08001b24   0x08001b24   0x00000028   Code   RO          326    i.HAL_TIM_PWM_MspInit  stm32f1xx_hal_msp.o
    0x08001b4c   0x08001b4c   0x0000009c   Code   RO         1758    i.HAL_TIM_PWM_Start  stm32f1xx_hal_tim.o
    0x08001be8   0x08001be8   0x00000064   Code   RO         2679    i.HAL_UART_Init     stm32f1xx_hal_uart.o
    0x08001c4c   0x08001c4c   0x00000070   Code   RO          328    i.HAL_UART_MspInit  stm32f1xx_hal_msp.o
    0x08001cbc   0x08001cbc   0x0000009a   Code   RO         2687    i.HAL_UART_Transmit  stm32f1xx_hal_uart.o
    0x08001d56   0x08001d56   0x00000002   Code   RO          248    i.HardFault_Handler  stm32f1xx_it.o
    0x08001d58   0x08001d58   0x00000002   Code   RO         3079    i.IIC_Pin_Init      iic.o
    0x08001d5a   0x08001d5a   0x00000002   PAD
    0x08001d5c   0x08001d5c   0x00000024   Code   RO         3081    i.IIC_Reception_Ack  iic.o
    0x08001d80   0x08001d80   0x0000003c   Code   RO         3083    i.IIC_Send_Data     iic.o
    0x08001dbc   0x08001dbc   0x0000003c   Code   RO         3084    i.IIC_Send_Data_Inv  iic.o
    0x08001df8   0x08001df8   0x0000001c   Code   RO         3085    i.IIC_Start         iic.o
    0x08001e14   0x08001e14   0x0000001c   Code   RO         3086    i.IIC_Stop          iic.o
    0x08001e30   0x08001e30   0x00000074   Code   RO         3274    i.KEY_Scan          bsp_key.o
    0x08001ea4   0x08001ea4   0x00000050   Code   RO           16    i.MX_ADC1_Init      main.o
    0x08001ef4   0x08001ef4   0x000000a0   Code   RO           17    i.MX_GPIO_Init      main.o
    0x08001f94   0x08001f94   0x000000a8   Code   RO           18    i.MX_TIM1_Init      main.o
    0x0800203c   0x0800203c   0x00000002   Code   RO          249    i.MemManage_Handler  stm32f1xx_it.o
    0x0800203e   0x0800203e   0x00000002   Code   RO          250    i.NMI_Handler       stm32f1xx_it.o
    0x08002040   0x08002040   0x00000038   Code   RO         3186    i.OLED_Clear        oled.o
    0x08002078   0x08002078   0x00000022   Code   RO         3187    i.OLED_Send_Command  oled.o
    0x0800209a   0x0800209a   0x00000002   PAD
    0x0800209c   0x0800209c   0x00000094   Code   RO           19    i.OLED_Show_Mode    main.o
    0x08002130   0x08002130   0x00000078   Code   RO           20    i.OLED_Show_Scale   main.o
    0x080021a8   0x080021a8   0x00000022   Code   RO         3188    i.Oled_Address      oled.o
    0x080021ca   0x080021ca   0x00000002   PAD
    0x080021cc   0x080021cc   0x00000050   Code   RO         3189    i.Oled_Display_Char  oled.o
    0x0800221c   0x0800221c   0x00000064   Code   RO         3190    i.Oled_Display_Char_Inv  oled.o
    0x08002280   0x08002280   0x00000038   Code   RO         3191    i.Oled_Display_Num_with_Index  oled.o
    0x080022b8   0x080022b8   0x00000020   Code   RO         3193    i.Oled_Display_String  oled.o
    0x080022d8   0x080022d8   0x000000be   Code   RO         3194    i.Oled_Init         oled.o
    0x08002396   0x08002396   0x00000022   Code   RO         3195    i.Oled_Write_Data   oled.o
    0x080023b8   0x080023b8   0x00000022   Code   RO         3196    i.Oled_Write_Data_Inv  oled.o
    0x080023da   0x080023da   0x00000002   Code   RO          251    i.PendSV_Handler    stm32f1xx_it.o
    0x080023dc   0x080023dc   0x00000002   Code   RO          252    i.SVC_Handler       stm32f1xx_it.o
    0x080023de   0x080023de   0x0000002c   Code   RO           21    i.Set_num           main.o
    0x0800240a   0x0800240a   0x00000002   PAD
    0x0800240c   0x0800240c   0x00000094   Code   RO           22    i.Shift_gears       main.o
    0x080024a0   0x080024a0   0x00000004   Code   RO          253    i.SysTick_Handler   stm32f1xx_it.o
    0x080024a4   0x080024a4   0x00000078   Code   RO           23    i.SystemClock_Config  main.o
    0x0800251c   0x0800251c   0x00000002   Code   RO         3013    i.SystemInit        system_stm32f1xx.o
    0x0800251e   0x0800251e   0x00000002   PAD
    0x08002520   0x08002520   0x0000006c   Code   RO         1771    i.TIM_Base_SetConfig  stm32f1xx_hal_tim.o
    0x0800258c   0x0800258c   0x0000001a   Code   RO         1772    i.TIM_CCxChannelCmd  stm32f1xx_hal_tim.o
    0x080025a6   0x080025a6   0x00000002   PAD
    0x080025a8   0x080025a8   0x00000050   Code   RO         1784    i.TIM_OC1_SetConfig  stm32f1xx_hal_tim.o
    0x080025f8   0x080025f8   0x00000058   Code   RO         1785    i.TIM_OC2_SetConfig  stm32f1xx_hal_tim.o
    0x08002650   0x08002650   0x00000058   Code   RO         1786    i.TIM_OC3_SetConfig  stm32f1xx_hal_tim.o
    0x080026a8   0x080026a8   0x00000044   Code   RO         1787    i.TIM_OC4_SetConfig  stm32f1xx_hal_tim.o
    0x080026ec   0x080026ec   0x00000548   Code   RO           24    i.Task              main.o
    0x08002c34   0x08002c34   0x000000b8   Code   RO         2705    i.UART_SetConfig    stm32f1xx_hal_uart.o
    0x08002cec   0x08002cec   0x00000078   Code   RO         2708    i.UART_WaitOnFlagUntilTimeout  stm32f1xx_hal_uart.o
    0x08002d64   0x08002d64   0x00000002   Code   RO          254    i.UsageFault_Handler  stm32f1xx_it.o
    0x08002d66   0x08002d66   0x00000002   PAD
    0x08002d68   0x08002d68   0x00000028   Code   RO         3539    i.__0sprintf        mc_w.l(printfa.o)
    0x08002d90   0x08002d90   0x00000020   Code   RO         1189    i.__NVIC_SetPriority  stm32f1xx_hal_cortex.o
    0x08002db0   0x08002db0   0x0000000e   Code   RO         3619    i.__scatterload_copy  mc_w.l(handlers.o)
    0x08002dbe   0x08002dbe   0x00000002   Code   RO         3620    i.__scatterload_null  mc_w.l(handlers.o)
    0x08002dc0   0x08002dc0   0x0000000e   Code   RO         3621    i.__scatterload_zeroinit  mc_w.l(handlers.o)
    0x08002dce   0x08002dce   0x00000002   PAD
    0x08002dd0   0x08002dd0   0x00000184   Code   RO         3544    i._fp_digits        mc_w.l(printfa.o)
    0x08002f54   0x08002f54   0x000006dc   Code   RO         3545    i._printf_core      mc_w.l(printfa.o)
    0x08003630   0x08003630   0x00000024   Code   RO         3546    i._printf_post_padding  mc_w.l(printfa.o)
    0x08003654   0x08003654   0x0000002e   Code   RO         3547    i._printf_pre_padding  mc_w.l(printfa.o)
    0x08003682   0x08003682   0x0000000a   Code   RO         3549    i._sputc            mc_w.l(printfa.o)
    0x0800368c   0x0800368c   0x0000006c   Code   RO           27    i.average3          main.o
    0x080036f8   0x080036f8   0x0000008c   Code   RO           28    i.main              main.o
    0x08003784   0x08003784   0x00000012   Data   RO          887    .constdata          stm32f1xx_hal_rcc.o
    0x08003796   0x08003796   0x00000012   Data   RO          979    .constdata          stm32f1xx_hal_rcc_ex.o
    0x080037a8   0x080037a8   0x00000010   Data   RO         3014    .constdata          system_stm32f1xx.o
    0x080037b8   0x080037b8   0x00000008   Data   RO         3015    .constdata          system_stm32f1xx.o
    0x080037c0   0x080037c0   0x000005f0   Data   RO         3053    .constdata          font.o
    0x08003db0   0x08003db0   0x00000020   Data   RO         3617    Region$$Table       anon$$obj.o


    Execution Region RW_IRAM1 (Exec base: 0x20000000, Load base: 0x08003dd0, Size: 0x00000640, Max: 0x00005000, ABSOLUTE)

    Exec Addr    Load Addr    Size         Type   Attr      Idx    E Section Name        Object

    0x20000000   0x08003dd0   0x00000058   Data   RW           31    .data               main.o
    0x20000058   0x08003e28   0x0000000c   Data   RW          724    .data               stm32f1xx_hal.o
    0x20000064   0x08003e34   0x00000004   Data   RW         3016    .data               system_stm32f1xx.o
    0x20000068        -       0x000001d8   Zero   RW           29    .bss                main.o
    0x20000240        -       0x00000400   Zero   RW            1    STACK               startup_stm32f103xb.o


==============================================================================

Image component sizes


      Code (inc. data)   RO Data    RW Data    ZI Data      Debug   Object Name

       116          6          0          0          0        627   bsp_key.o
         0          0       1520          0          0        659   font.o
       214         22          0          0          0       3487   iic.o
      3056        564          0         88        472     459076   main.o
       650          8          0          0          0       6710   oled.o
        36          8        236          0       1024        812   startup_stm32f103xb.o
       164         28          0         12          0       6093   stm32f1xx_hal.o
      1260         54          0          0          0       6716   stm32f1xx_hal_adc.o
       216          6          0          0          0       1478   stm32f1xx_hal_adc_ex.o
       172         14          0          0          0      28398   stm32f1xx_hal_cortex.o
       500         34          0          0          0       3615   stm32f1xx_hal_gpio.o
       376         54          0          0          0       3583   stm32f1xx_hal_msp.o
      1240         84         18          0          0       5256   stm32f1xx_hal_rcc.o
       400         28         18          0          0       2537   stm32f1xx_hal_rcc_ex.o
       908         46          0          0          0       8170   stm32f1xx_hal_tim.o
       188         12          0          0          0       2216   stm32f1xx_hal_tim_ex.o
       558          6          0          0          0       4092   stm32f1xx_hal_uart.o
        20          0          0          0          0       4082   stm32f1xx_it.o
         2          0         24          4          0       1191   system_stm32f1xx.o

    ----------------------------------------------------------------------
     10096        974       1848        104       1496     548798   Object Totals
         0          0         32          0          0          0   (incl. Generated)
        20          0          0          0          0          0   (incl. Padding)

    ----------------------------------------------------------------------

      Code (inc. data)   RO Data    RW Data    ZI Data      Debug   Library Member Name

         0          0          0          0          0          0   entry.o
         0          0          0          0          0          0   entry10a.o
         0          0          0          0          0          0   entry11a.o
         8          4          0          0          0          0   entry2.o
         4          0          0          0          0          0   entry5.o
         0          0          0          0          0          0   entry7b.o
         0          0          0          0          0          0   entry8b.o
         8          4          0          0          0          0   entry9a.o
        30          0          0          0          0          0   handlers.o
        36          8          0          0          0         68   init.o
         0          0          0          0          0          0   iusefp.o
        30          0          0          0          0         68   llshl.o
        36          0          0          0          0         68   llsshr.o
        32          0          0          0          0         68   llushr.o
        36          0          0          0          0        108   memseta.o
      2276         86          0          0          0        520   printfa.o
        14          0          0          0          0         68   strlen.o
        44          0          0          0          0         80   uidiv.o
        98          0          0          0          0         92   uldiv.o
        48          0          0          0          0         68   cdcmple.o
        48          0          0          0          0         68   cdrcmple.o
       334          0          0          0          0        148   dadd.o
       222          0          0          0          0        100   ddiv.o
       186          0          0          0          0        176   depilogue.o
        50          0          0          0          0         76   dfixui.o
        48          0          0          0          0         68   dfixul.o
        34          0          0          0          0         76   dflti.o
        26          0          0          0          0         76   dfltui.o
       228          0          0          0          0         96   dmul.o

    ----------------------------------------------------------------------
      3880        102          0          0          0       2092   Library Totals
         4          0          0          0          0          0   (incl. Padding)

    ----------------------------------------------------------------------

      Code (inc. data)   RO Data    RW Data    ZI Data      Debug   Library Name

      2652        102          0          0          0       1140   mc_w.l
      1224          0          0          0          0        952   mf_w.l

    ----------------------------------------------------------------------
      3880        102          0          0          0       2092   Library Totals

    ----------------------------------------------------------------------

==============================================================================


      Code (inc. data)   RO Data    RW Data    ZI Data      Debug   

     13976       1076       1848        104       1496     545634   Grand Totals
     13976       1076       1848        104       1496     545634   ELF Image Totals
     13976       1076       1848        104          0          0   ROM Totals

==============================================================================

    Total RO  Size (Code + RO Data)                15824 (  15.45kB)
    Total RW  Size (RW Data + ZI Data)              1600 (   1.56kB)
    Total ROM Size (Code + RO Data + RW Data)      15928 (  15.55kB)

==============================================================================

